nohup: 忽略输入
🎯 目标训练名称：levircd_optimize007
⏳ 开始空闲显卡扫描，每 120 秒扫一次...
[05-06 17:09:14] 显卡 0 和 1 都还被占着，继续监控...
[05-06 17:11:14] 显卡 0 和 1 都还被占着，继续监控...
[05-06 17:13:14] 显卡 0 和 1 都还被占着，继续监控...
[05-06 17:15:14] 显卡 0 和 1 都还被占着，继续监控...
[05-06 17:17:14] 显卡 0 和 1 都还被占着，继续监控...
[05-06 17:19:14] 显卡 0 和 1 都还被占着，继续监控...
[05-06 17:21:14] 显卡 0 和 1 都还被占着，继续监控...
[05-06 17:23:14] 显卡 0 和 1 都还被占着，继续监控...
[05-06 17:25:14] 显卡 0 和 1 都还被占着，继续监控...
[05-06 17:27:14] 显卡 0 和 1 都还被占着，继续监控...
[05-06 17:29:14] 显卡 0 和 1 都还被占着，继续监控...
[05-06 17:31:14] 显卡 0 和 1 都还被占着，继续监控...
[05-06 17:33:15] 显卡 0 和 1 都还被占着，继续监控...
[05-06 17:35:15] 显卡 0 和 1 都还被占着，继续监控...
[05-06 17:37:15] 显卡 0 和 1 都还被占着，继续监控...
[05-06 17:39:15] 显卡 0 和 1 都还被占着，继续监控...
[05-06 17:41:15] 显卡 0 和 1 都还被占着，继续监控...
[05-06 17:43:15] 显卡 0 和 1 都还被占着，继续监控...
[05-06 17:45:16] 显卡 0 和 1 都还被占着，继续监控...
[05-06 17:47:16] 显卡 0 和 1 都还被占着，继续监控...
[05-06 17:49:16] 显卡 0 和 1 都还被占着，继续监控...
[05-06 17:51:16] 显卡 0 和 1 都还被占着，继续监控...
[05-06 17:53:16] 显卡 0 和 1 都还被占着，继续监控...
[05-06 17:55:16] 显卡 0 和 1 都还被占着，继续监控...
[05-06 17:57:16] 显卡 0 和 1 都还被占着，继续监控...
[05-06 17:59:16] 显卡 0 和 1 都还被占着，继续监控...
[05-06 18:01:17] 显卡 0 和 1 都还被占着，继续监控...
[05-06 18:03:17] 显卡 0 和 1 都还被占着，继续监控...
[05-06 18:05:17] 显卡 0 和 1 都还被占着，继续监控...
[05-06 18:07:17] 显卡 0 和 1 都还被占着，继续监控...
[05-06 18:09:17] 显卡 0 和 1 都还被占着，继续监控...
[05-06 18:11:17] 显卡 0 和 1 都还被占着，继续监控...
[05-06 18:13:17] 显卡 0 和 1 都还被占着，继续监控...
[05-06 18:15:17] 显卡 0 和 1 都还被占着，继续监控...
[05-06 18:17:17] 显卡 0 和 1 都还被占着，继续监控...
[05-06 18:19:17] : 🎉 显卡 1 现已空闲！
🚀 正在为您强占显卡 1 并启动训练: levircd_optimize007 ...
/media/z/1d115f79-c4ea-4c62-9376-98541627908c/LH/Gra/HOIF-main/modules.py:363: UserWarning: torch.qr is deprecated in favor of torch.linalg.qr and will be removed in a future PyTorch release.
The boolean parameter 'some' has been replaced with a string parameter 'mode'.
Q, R = torch.qr(A, some)
should be replaced with
Q, R = torch.linalg.qr(A, 'reduced' if some else 'complete') (Triggered internally at /pytorch/aten/src/ATen/native/BatchLinearAlgebra.cpp:2496.)
  w_init = torch.qr(torch.randn(*w_shape))[0]
/home/z/anaconda3/envs/lh/lib/python3.10/site-packages/torch/functional.py:2128: UserWarning: torch.lu is deprecated in favor of torch.linalg.lu_factor / torch.linalg.lu_factor_ex and will be removed in a future PyTorch release.
LU, pivots = torch.lu(A, compute_pivots)
should be replaced with
LU, pivots = torch.linalg.lu_factor(A, compute_pivots)
and
LU, pivots, info = torch.lu(A, compute_pivots, get_infos=True)
should be replaced with
LU, pivots, info = torch.linalg.lu_factor_ex(A, compute_pivots) (Triggered internally at /pytorch/aten/src/ATen/native/BatchLinearAlgebra.cpp:2064.)
  return torch._lu_with_info(A, pivot=pivot, check_errors=(not get_infos))
=> merge config from ./changedetection/configs/vssm1/vssm_base_224.yaml
训练批次总数(T_max) = 100000
Successfully load ckpt ./changedetection/pretrained_weight/vssm_base_0229_ckpt_epoch_237.pth
_IncompatibleKeys(missing_keys=['outnorm0.weight', 'outnorm0.bias', 'outnorm1.weight', 'outnorm1.bias', 'outnorm2.weight', 'outnorm2.bias', 'outnorm3.weight', 'outnorm3.bias'], unexpected_keys=['classifier.norm.weight', 'classifier.norm.bias', 'classifier.head.weight', 'classifier.head.bias'])
/media/z/1d115f79-c4ea-4c62-9376-98541627908c/LH/Gra/changedetection/script/train_MambaBCD.py:168: UserWarning: Detected call of `lr_scheduler.step()` before `optimizer.step()`. In PyTorch 1.1.0 and later, you should call them in the opposite order: `optimizer.step()` before `lr_scheduler.step()`.  Failure to do this will result in PyTorch skipping the first value of the learning rate schedule. See more details at https://pytorch.org/docs/stable/optim.html#how-to-adjust-learning-rate
  self.scheduler.step()
---------starting evaluation-----------
Racall rate is 0.6799795534371214, Precision rate is 0.8176194000938743, OA is 0.975970670580864, F1 score is 0.742474443169879, IoU is 0.5904249334235835, Kappa coefficient is 0.7299834285636295
best round: [np.float64(0.6799795534371214), np.float64(0.8176194000938743), np.float64(0.975970670580864), np.float64(0.742474443169879), np.float64(0.5904249334235835), np.float64(0.7299834285636295)]
best iteration: 500
---------starting evaluation-----------
Racall rate is 0.8037713524348302, Precision rate is 0.8407565571972283, OA is 0.9822483584284782, F1 score is 0.8218480587514795, IoU is 0.6975739121395023, Kappa coefficient is 0.8125118156863855
best round: [np.float64(0.8037713524348302), np.float64(0.8407565571972283), np.float64(0.9822483584284782), np.float64(0.8218480587514795), np.float64(0.6975739121395023), np.float64(0.8125118156863855)]
best iteration: 1000
---------starting evaluation-----------
Racall rate is 0.8346825188468899, Precision rate is 0.8494421102705174, OA is 0.9840419068932533, F1 score is 0.8419976383657349, IoU is 0.7271121944668929, Kappa coefficient is 0.8335949029797194
best round: [np.float64(0.8346825188468899), np.float64(0.8494421102705174), np.float64(0.9840419068932533), np.float64(0.8419976383657349), np.float64(0.7271121944668929), np.float64(0.8335949029797194)]
best iteration: 1500
---------starting evaluation-----------
Racall rate is 0.8426381038811174, Precision rate is 0.8617839712102418, OA is 0.9850990623235703, F1 score is 0.8521035042529754, IoU is 0.7423173669490524, Kappa coefficient is 0.8442588407688606
best round: [np.float64(0.8426381038811174), np.float64(0.8617839712102418), np.float64(0.9850990623235703), np.float64(0.8521035042529754), np.float64(0.7423173669490524), np.float64(0.8442588407688606)]
best iteration: 2000
---------starting evaluation-----------
Racall rate is 0.8960369793201591, Precision rate is 0.823773188729087, OA is 0.9849390164017677, F1 score is 0.8583868770946939, IoU is 0.7519069813337235, Kappa coefficient is 0.8504482791492629
best round: [np.float64(0.8960369793201591), np.float64(0.823773188729087), np.float64(0.9849390164017677), np.float64(0.8583868770946939), np.float64(0.7519069813337235), np.float64(0.8504482791492629)]
best iteration: 2500
---------starting evaluation-----------
Racall rate is 0.8891048924763815, Precision rate is 0.8055010010613503, OA is 0.9834141954779625, F1 score is 0.8452406352053363, IoU is 0.7319625724409128, Kappa coefficient is 0.8365007224521556
best round: [np.float64(0.8960369793201591), np.float64(0.823773188729087), np.float64(0.9849390164017677), np.float64(0.8583868770946939), np.float64(0.7519069813337235), np.float64(0.8504482791492629)]
best iteration: 2500
---------starting evaluation-----------
Racall rate is 0.9018445052056101, Precision rate is 0.8376877736044273, OA is 0.9860979542136192, F1 score is 0.8685830379875037, IoU is 0.7676949057246947, Kappa coefficient is 0.8612543627063289
best round: [np.float64(0.9018445052056101), np.float64(0.8376877736044273), np.float64(0.9860979542136192), np.float64(0.8685830379875037), np.float64(0.7676949057246947), np.float64(0.8612543627063289)]
best iteration: 3500
---------starting evaluation-----------
Racall rate is 0.9058456255251498, Precision rate is 0.8389583840165842, OA is 0.9863457158207893, F1 score is 0.8711199401228725, IoU is 0.7716673994735004, Kappa coefficient is 0.8639221014864215
best round: [np.float64(0.9058456255251498), np.float64(0.8389583840165842), np.float64(0.9863457158207893), np.float64(0.8711199401228725), np.float64(0.7716673994735004), np.float64(0.8639221014864215)]
best iteration: 4000
---------starting evaluation-----------
Racall rate is 0.8979337709794825, Precision rate is 0.8598245471529526, OA is 0.9873431995511055, F1 score is 0.8784660439850148, IoU is 0.7832719101135064, Kappa coefficient is 0.8717933263429467
best round: [np.float64(0.8979337709794825), np.float64(0.8598245471529526), np.float64(0.9873431995511055), np.float64(0.8784660439850148), np.float64(0.7832719101135064), np.float64(0.8717933263429467)]
best iteration: 4500
---------starting evaluation-----------
Racall rate is 0.9019638499503095, Precision rate is 0.8605222384021906, OA is 0.9875583574175835, F1 score is 0.880755832623474, IoU is 0.7869201897991022, Kappa coefficient is 0.8741964446276732
best round: [np.float64(0.9019638499503095), np.float64(0.8605222384021906), np.float64(0.9875583574175835), np.float64(0.880755832623474), np.float64(0.7869201897991022), np.float64(0.8741964446276732)]
best iteration: 5000
---------starting evaluation-----------
Racall rate is 0.8928989145624721, Precision rate is 0.865567832042908, OA is 0.9874795451760292, F1 score is 0.8790209757486467, IoU is 0.7841547047106447, Kappa coefficient is 0.8724208083144395
best round: [np.float64(0.9019638499503095), np.float64(0.8605222384021906), np.float64(0.9875583574175835), np.float64(0.880755832623474), np.float64(0.7869201897991022), np.float64(0.8741964446276732)]
best iteration: 5000
---------starting evaluation-----------
Racall rate is 0.8988190574251518, Precision rate is 0.8706371114610362, OA is 0.9880422949790955, F1 score is 0.8845036589692422, IoU is 0.7929238550006625, Kappa coefficient is 0.878200091637444
best round: [np.float64(0.8988190574251518), np.float64(0.8706371114610362), np.float64(0.9880422949790955), np.float64(0.8845036589692422), np.float64(0.7929238550006625), np.float64(0.878200091637444)]
best iteration: 6000
---------starting evaluation-----------
Racall rate is 0.916259770802513, Precision rate is 0.8532776846455713, OA is 0.9877080544829369, F1 score is 0.8836478859005285, IoU is 0.7915494356485733, Kappa coefficient is 0.8771678425558033
best round: [np.float64(0.8988190574251518), np.float64(0.8706371114610362), np.float64(0.9880422949790955), np.float64(0.8845036589692422), np.float64(0.7929238550006625), np.float64(0.878200091637444)]
best iteration: 6000
---------starting evaluation-----------
Racall rate is 0.9129564369743475, Precision rate is 0.8656158853594285, OA is 0.9883456081151962, F1 score is 0.8886561255481329, IoU is 0.7996230023640813, Kappa coefficient is 0.882511717456797
best round: [np.float64(0.9129564369743475), np.float64(0.8656158853594285), np.float64(0.9883456081151962), np.float64(0.8886561255481329), np.float64(0.7996230023640813), np.float64(0.882511717456797)]
best iteration: 7000
---------starting evaluation-----------
Racall rate is 0.9042777631928229, Precision rate is 0.8786941971946762, OA is 0.9887642115354538, F1 score is 0.8913024330422175, IoU is 0.8039184531521181, Kappa coefficient is 0.8853796468977043
best round: [np.float64(0.9042777631928229), np.float64(0.8786941971946762), np.float64(0.9887642115354538), np.float64(0.8913024330422175), np.float64(0.8039184531521181), np.float64(0.8853796468977043)]
best iteration: 7500
---------starting evaluation-----------
Racall rate is 0.9020220597645136, Precision rate is 0.8832192092248272, OA is 0.9889330863952637, F1 score is 0.8925216150527162, IoU is 0.8059043202863055, Kappa coefficient is 0.886688490670794
best round: [np.float64(0.9020220597645136), np.float64(0.8832192092248272), np.float64(0.9889330863952637), np.float64(0.8925216150527162), np.float64(0.8059043202863055), np.float64(0.886688490670794)]
best iteration: 8000
---------starting evaluation-----------
Racall rate is 0.9054381568257223, Precision rate is 0.883969620426679, OA is 0.9891284331679344, F1 score is 0.8945751035440701, IoU is 0.8092590518018374, Kappa coefficient is 0.8888446803556074
best round: [np.float64(0.9054381568257223), np.float64(0.883969620426679), np.float64(0.9891284331679344), np.float64(0.8945751035440701), np.float64(0.8092590518018374), np.float64(0.8888446803556074)]
best iteration: 8500
---------starting evaluation-----------
Racall rate is 0.9100689084270407, Precision rate is 0.8816101677985426, OA is 0.989193007349968, F1 score is 0.8956135210964333, IoU is 0.8109602373850114, Kappa coefficient is 0.889916563239088
best round: [np.float64(0.9100689084270407), np.float64(0.8816101677985426), np.float64(0.989193007349968), np.float64(0.8956135210964333), np.float64(0.8109602373850114), np.float64(0.889916563239088)]
best iteration: 9000
---------starting evaluation-----------
Racall rate is 0.915945028289531, Precision rate is 0.8633182752445848, OA is 0.9883307591080666, F1 score is 0.8888533591078003, IoU is 0.7999424435951064, Kappa coefficient is 0.8827011675565146
best round: [np.float64(0.9100689084270407), np.float64(0.8816101677985426), np.float64(0.989193007349968), np.float64(0.8956135210964333), np.float64(0.8109602373850114), np.float64(0.889916563239088)]
best iteration: 9000
---------starting evaluation-----------
Racall rate is 0.9051022072196258, Precision rate is 0.8879890281432201, OA is 0.9893496632575989, F1 score is 0.8964639539901602, IoU is 0.8123558421418042, Kappa coefficient is 0.8908505846017432
best round: [np.float64(0.9051022072196258), np.float64(0.8879890281432201), np.float64(0.9893496632575989), np.float64(0.8964639539901602), np.float64(0.8123558421418042), np.float64(0.8908505846017432)]
best iteration: 10000
---------starting evaluation-----------
Racall rate is 0.9229517055987457, Precision rate is 0.8670323193158851, OA is 0.9888644739985466, F1 score is 0.8941185471864729, IoU is 0.8085121103276505, Kappa coefficient is 0.8882478071860306
best round: [np.float64(0.9051022072196258), np.float64(0.8879890281432201), np.float64(0.9893496632575989), np.float64(0.8964639539901602), np.float64(0.8123558421418042), np.float64(0.8908505846017432)]
best iteration: 10000
---------starting evaluation-----------
Racall rate is 0.9091567109114882, Precision rate is 0.8805721656757257, OA is 0.9890908524394035, F1 score is 0.8946361701360597, IoU is 0.8093590055739212, Kappa coefficient is 0.8888853498170288
best round: [np.float64(0.9051022072196258), np.float64(0.8879890281432201), np.float64(0.9893496632575989), np.float64(0.8964639539901602), np.float64(0.8123558421418042), np.float64(0.8908505846017432)]
best iteration: 10000
---------starting evaluation-----------
Racall rate is 0.9078200790220167, Precision rate is 0.8905031996493692, OA is 0.9896176904439926, F1 score is 0.8990782632501017, IoU is 0.8166595619270159, Kappa coefficient is 0.8936061441877627
best round: [np.float64(0.9078200790220167), np.float64(0.8905031996493692), np.float64(0.9896176904439926), np.float64(0.8990782632501017), np.float64(0.8166595619270159), np.float64(0.8936061441877627)]
best iteration: 11500
---------starting evaluation-----------
Racall rate is 0.9064654576673514, Precision rate is 0.8931605388354572, OA is 0.9897114485502243, F1 score is 0.8997638155697062, IoU is 0.8177915144970506, Kappa coefficient is 0.894341557584608
best round: [np.float64(0.9064654576673514), np.float64(0.8931605388354572), np.float64(0.9897114485502243), np.float64(0.8997638155697062), np.float64(0.8177915144970506), np.float64(0.894341557584608)]
best iteration: 12000
---------starting evaluation-----------
Racall rate is 0.9106872780110964, Precision rate is 0.8905945884714097, OA is 0.9897511377930641, F1 score is 0.9005288696657376, IoU is 0.8190564034109362, Kappa coefficient is 0.8951268143778228
best round: [np.float64(0.9106872780110964), np.float64(0.8905945884714097), np.float64(0.9897511377930641), np.float64(0.9005288696657376), np.float64(0.8190564034109362), np.float64(0.8951268143778228)]
best iteration: 12500
---------starting evaluation-----------
Racall rate is 0.911427332432885, Precision rate is 0.890073895569251, OA is 0.9897537082433701, F1 score is 0.900624061418477, IoU is 0.819213910193917, Kappa coefficient is 0.8952232451800789
best round: [np.float64(0.911427332432885), np.float64(0.890073895569251), np.float64(0.9897537082433701), np.float64(0.900624061418477), np.float64(0.819213910193917), np.float64(0.8952232451800789)]
best iteration: 13000
---------starting evaluation-----------
Racall rate is 0.9029243118846744, Precision rate is 0.8975690918271524, OA is 0.9898055791854858, F1 score is 0.9002387378217754, IoU is 0.8185765118137841, Kappa coefficient is 0.8948671168780232
best round: [np.float64(0.911427332432885), np.float64(0.890073895569251), np.float64(0.9897537082433701), np.float64(0.900624061418477), np.float64(0.819213910193917), np.float64(0.8952232451800789)]
best iteration: 13000
---------starting evaluation-----------
Racall rate is 0.900851574480408, Precision rate is 0.9015790526035676, OA is 0.9899394437670708, F1 score is 0.9012151667334473, IoU is 0.820192579519181, Kappa coefficient is 0.8959149965290991
best round: [np.float64(0.900851574480408), np.float64(0.9015790526035676), np.float64(0.9899394437670708), np.float64(0.9012151667334473), np.float64(0.820192579519181), np.float64(0.8959149965290991)]
best iteration: 14000
---------starting evaluation-----------
Racall rate is 0.89953995233523, Precision rate is 0.9040458121749627, OA is 0.9900186061859131, F1 score is 0.9017872538083391, IoU is 0.8211407643332511, Kappa coefficient is 0.8965294115980943
best round: [np.float64(0.89953995233523), np.float64(0.9040458121749627), np.float64(0.9900186061859131), np.float64(0.9017872538083391), np.float64(0.8211407643332511), np.float64(0.8965294115980943)]
best iteration: 14500
---------starting evaluation-----------
Racall rate is 0.9145906994464948, Precision rate is 0.8894319486802097, OA is 0.9898571744561195, F1 score is 0.901835893133819, IoU is 0.8212214253727325, Kappa coefficient is 0.8964893016076725
best round: [np.float64(0.89953995233523), np.float64(0.9040458121749627), np.float64(0.9900186061859131), np.float64(0.9017872538083391), np.float64(0.8211407643332511), np.float64(0.8965294115980943)]
best iteration: 14500
---------starting evaluation-----------
Racall rate is 0.9069072964832058, Precision rate is 0.8942658972008605, OA is 0.9897952005267143, F1 score is 0.9005422354845646, IoU is 0.8190785172011232, Kappa coefficient is 0.89516419552148
best round: [np.float64(0.89953995233523), np.float64(0.9040458121749627), np.float64(0.9900186061859131), np.float64(0.9017872538083391), np.float64(0.8211407643332511), np.float64(0.8965294115980943)]
best iteration: 14500
---------starting evaluation-----------
Racall rate is 0.9090813891669781, Precision rate is 0.8986654248203195, OA is 0.9901463836431503, F1 score is 0.9038433993862695, IoU is 0.8245568186883276, Kappa coefficient is 0.8986507037053234
best round: [np.float64(0.9090813891669781), np.float64(0.8986654248203195), np.float64(0.9901463836431503), np.float64(0.9038433993862695), np.float64(0.8245568186883276), np.float64(0.8986507037053234)]
best iteration: 16000
---------starting evaluation-----------
Racall rate is 0.9058391902693081, Precision rate is 0.9008147950882202, OA is 0.9901223629713058, F1 score is 0.903320006131495, IoU is 0.8236860444085072, Kappa coefficient is 0.8981153523863126
best round: [np.float64(0.9090813891669781), np.float64(0.8986654248203195), np.float64(0.9901463836431503), np.float64(0.9038433993862695), np.float64(0.8245568186883276), np.float64(0.8986507037053234)]
best iteration: 16000
---------starting evaluation-----------
Racall rate is 0.9082328129307691, Precision rate is 0.9002116186434315, OA is 0.9901964589953423, F1 score is 0.9042044271404955, IoU is 0.8251579487412535, Kappa coefficient is 0.8990384184005987
best round: [np.float64(0.9082328129307691), np.float64(0.9002116186434315), np.float64(0.9901964589953423), np.float64(0.9042044271404955), np.float64(0.8251579487412535), np.float64(0.8990384184005987)]
best iteration: 17000
---------starting evaluation-----------
Racall rate is 0.9036876209809817, Precision rate is 0.9058427507246666, OA is 0.9903084859251976, F1 score is 0.9047639024855249, IoU is 0.8260902873259864, Kappa coefficient is 0.89965837574878
best round: [np.float64(0.9036876209809817), np.float64(0.9058427507246666), np.float64(0.9903084859251976), np.float64(0.9047639024855249), np.float64(0.8260902873259864), np.float64(0.89965837574878)]
best iteration: 17500
---------starting evaluation-----------
Racall rate is 0.9159745719640766, Precision rate is 0.8917292541500812, OA is 0.9900540634989738, F1 score is 0.9036893213129531, IoU is 0.8243003911949676, Kappa coefficient is 0.8984465897200915
best round: [np.float64(0.9036876209809817), np.float64(0.9058427507246666), np.float64(0.9903084859251976), np.float64(0.9047639024855249), np.float64(0.8260902873259864), np.float64(0.89965837574878)]
best iteration: 17500
---------starting evaluation-----------
Racall rate is 0.9025883622785779, Precision rate is 0.9086889186257037, OA is 0.9904172942042351, F1 score is 0.9056283668214447, IoU is 0.8275327497214873, Kappa coefficient is 0.9005808006281468
best round: [np.float64(0.9025883622785779), np.float64(0.9086889186257037), np.float64(0.9904172942042351), np.float64(0.9056283668214447), np.float64(0.8275327497214873), np.float64(0.9005808006281468)]
best iteration: 18500
---------starting evaluation-----------
Racall rate is 0.8942930249870746, Precision rate is 0.9162868523532204, OA is 0.9904529005289078, F1 score is 0.9051563548254727, IoU is 0.8267448587886567, Kappa coefficient is 0.9001305967310201
best round: [np.float64(0.9025883622785779), np.float64(0.9086889186257037), np.float64(0.9904172942042351), np.float64(0.9056283668214447), np.float64(0.8275327497214873), np.float64(0.9005808006281468)]
best iteration: 18500
---------starting evaluation-----------
Racall rate is 0.9027995556748353, Precision rate is 0.9075762764122235, OA is 0.9903649240732193, F1 score is 0.9051816142965112, IoU is 0.826787005147777, Kappa coefficient is 0.9001062418538263
best round: [np.float64(0.9025883622785779), np.float64(0.9086889186257037), np.float64(0.9904172942042351), np.float64(0.9056283668214447), np.float64(0.8275327497214873), np.float64(0.9005808006281468)]
best iteration: 18500
---------starting evaluation-----------
Racall rate is 0.9226723569928927, Precision rate is 0.8866277823680445, OA is 0.9900505542755127, F1 score is 0.9042910326883128, IoU is 0.8253022104099261, Kappa coefficient is 0.8990457554486446
best round: [np.float64(0.9025883622785779), np.float64(0.9086889186257037), np.float64(0.9904172942042351), np.float64(0.9056283668214447), np.float64(0.8275327497214873), np.float64(0.9005808006281468)]
best iteration: 18500
---------starting evaluation-----------
Racall rate is 0.9269414179647479, Precision rate is 0.8787890426762137, OA is 0.9897651597857475, F1 score is 0.9022232044765172, IoU is 0.8218639783201881, Kappa coefficient is 0.8968272098175359
best round: [np.float64(0.9025883622785779), np.float64(0.9086889186257037), np.float64(0.9904172942042351), np.float64(0.9056283668214447), np.float64(0.8275327497214873), np.float64(0.9005808006281468)]
best iteration: 18500
---------starting evaluation-----------
Racall rate is 0.9140469203278763, Precision rate is 0.8952408442099338, OA is 0.9901726096868515, F1 score is 0.9045461453290202, IoU is 0.8257272923656845, Kappa coefficient is 0.8993663696098677
best round: [np.float64(0.9025883622785779), np.float64(0.9086889186257037), np.float64(0.9904172942042351), np.float64(0.9056283668214447), np.float64(0.8275327497214873), np.float64(0.9005808006281468)]
best iteration: 18500
---------starting evaluation-----------
Racall rate is 0.9154522924502018, Precision rate is 0.8959462047575547, OA is 0.9902768358588219, F1 score is 0.9055942227198279, IoU is 0.8274757329684603, Kappa coefficient is 0.9004693196230923
best round: [np.float64(0.9025883622785779), np.float64(0.9086889186257037), np.float64(0.9904172942042351), np.float64(0.9056283668214447), np.float64(0.8275327497214873), np.float64(0.9005808006281468)]
best iteration: 18500
---------starting evaluation-----------
Racall rate is 0.9058649312926748, Precision rate is 0.9037028650101485, OA is 0.9902872443199158, F1 score is 0.904782606536193, IoU is 0.826121473175903, Kappa coefficient is 0.8996652343948554
best round: [np.float64(0.9025883622785779), np.float64(0.9086889186257037), np.float64(0.9904172942042351), np.float64(0.9056283668214447), np.float64(0.8275327497214873), np.float64(0.9005808006281468)]
best iteration: 18500
---------starting evaluation-----------
Racall rate is 0.9152756154261857, Precision rate is 0.8963520686917467, OA is 0.9902924448251724, F1 score is 0.90571500811418, IoU is 0.8276774467621358, Kappa coefficient is 0.900598385902883
best round: [np.float64(0.9152756154261857), np.float64(0.8963520686917467), np.float64(0.9902924448251724), np.float64(0.90571500811418), np.float64(0.8276774467621358), np.float64(0.900598385902883)]
best iteration: 22500
---------starting evaluation-----------
Racall rate is 0.9232265202743467, Precision rate is 0.8862327496257061, OA is 0.9900515303015709, F1 score is 0.9043514725095753, IoU is 0.8254029004912607, Kappa coefficient is 0.8991066732121447
best round: [np.float64(0.9152756154261857), np.float64(0.8963520686917467), np.float64(0.9902924448251724), np.float64(0.90571500811418), np.float64(0.8276774467621358), np.float64(0.900598385902883)]
best iteration: 22500
---------starting evaluation-----------
Racall rate is 0.9104096844750184, Precision rate is 0.8998604985334275, OA is 0.9902749583125114, F1 score is 0.9051043542902218, IoU is 0.8266581001000126, Kappa coefficient is 0.8999794012238996
best round: [np.float64(0.9152756154261857), np.float64(0.8963520686917467), np.float64(0.9902924448251724), np.float64(0.90571500811418), np.float64(0.8276774467621358), np.float64(0.900598385902883)]
best iteration: 22500
---------starting evaluation-----------
Racall rate is 0.9090731988413614, Precision rate is 0.9004117856512706, OA is 0.9902459606528282, F1 score is 0.9047217625693381, IoU is 0.8260200300260352, Kappa coefficient is 0.8995817586085246
best round: [np.float64(0.9152756154261857), np.float64(0.8963520686917467), np.float64(0.9902924448251724), np.float64(0.90571500811418), np.float64(0.8276774467621358), np.float64(0.900598385902883)]
best iteration: 22500
---------starting evaluation-----------
Racall rate is 0.9200463338420598, Precision rate is 0.8905674806782151, OA is 0.9901677370071411, F1 score is 0.9050669326236671, IoU is 0.826595670174049, Kappa coefficient is 0.8998837637902602
best round: [np.float64(0.9152756154261857), np.float64(0.8963520686917467), np.float64(0.9902924448251724), np.float64(0.90571500811418), np.float64(0.8276774467621358), np.float64(0.900598385902883)]
best iteration: 22500
---------starting evaluation-----------
Racall rate is 0.9169256735263082, Precision rate is 0.8939763066607518, OA is 0.9902282953262329, F1 score is 0.9053055726592094, IoU is 0.8269938624410094, Kappa coefficient is 0.9001547878629816
best round: [np.float64(0.9152756154261857), np.float64(0.8963520686917467), np.float64(0.9902924448251724), np.float64(0.90571500811418), np.float64(0.8276774467621358), np.float64(0.900598385902883)]
best iteration: 22500
---------starting evaluation-----------
Racall rate is 0.9007079512704877, Precision rate is 0.9113346024214485, OA is 0.9904777184128761, F1 score is 0.9059901170604393, IoU is 0.8281370499378673, Kappa coefficient is 0.9009751660021516
best round: [np.float64(0.9007079512704877), np.float64(0.9113346024214485), np.float64(0.9904777184128761), np.float64(0.9059901170604393), np.float64(0.8281370499378673), np.float64(0.9009751660021516)]
best iteration: 25500
---------starting evaluation-----------
Racall rate is 0.9107482666857775, Precision rate is 0.9067056212888515, OA is 0.9906795248389244, F1 score is 0.9087224478672441, IoU is 0.832714322851476, Kappa coefficient is 0.9038115029477484
best round: [np.float64(0.9107482666857775), np.float64(0.9067056212888515), np.float64(0.9906795248389244), np.float64(0.9087224478672441), np.float64(0.832714322851476), np.float64(0.9038115029477484)]
best iteration: 26000
---------starting evaluation-----------
Racall rate is 0.9221320880138241, Precision rate is 0.8894050931558735, OA is 0.9901919960975647, F1 score is 0.9054729697707784, IoU is 0.8272732831286491, Kappa coefficient is 0.900302410608366
best round: [np.float64(0.9107482666857775), np.float64(0.9067056212888515), np.float64(0.9906795248389244), np.float64(0.9087224478672441), np.float64(0.832714322851476), np.float64(0.9038115029477484)]
best iteration: 26000
---------starting evaluation-----------
Racall rate is 0.9144321581434872, Precision rate is 0.8953122784909822, OA is 0.9901940897107124, F1 score is 0.9047712179244373, IoU is 0.8261024844597397, Kappa coefficient is 0.8996027348952977
best round: [np.float64(0.9107482666857775), np.float64(0.9067056212888515), np.float64(0.9906795248389244), np.float64(0.9087224478672441), np.float64(0.832714322851476), np.float64(0.9038115029477484)]
best iteration: 26000
---------starting evaluation-----------
Racall rate is 0.9169451255496477, Precision rate is 0.8954598567398145, OA is 0.9903157353401184, F1 score is 0.9060751419097806, IoU is 0.82827914112091, Kappa coefficient is 0.9009705697079433
best round: [np.float64(0.9107482666857775), np.float64(0.9067056212888515), np.float64(0.9906795248389244), np.float64(0.9087224478672441), np.float64(0.832714322851476), np.float64(0.9038115029477484)]
best iteration: 26000
---------starting evaluation-----------
Racall rate is 0.9168412839212939, Precision rate is 0.8965070304016479, OA is 0.9903719872236252, F1 score is 0.9065601465593888, IoU is 0.8290900900555362, Kappa coefficient is 0.9014853243570436
best round: [np.float64(0.9107482666857775), np.float64(0.9067056212888515), np.float64(0.9906795248389244), np.float64(0.9087224478672441), np.float64(0.832714322851476), np.float64(0.9038115029477484)]
best iteration: 26000
---------starting evaluation-----------
Racall rate is 0.9171380369690822, Precision rate is 0.8938137395579693, OA is 0.9902283251285553, F1 score is 0.9053256846919085, IoU is 0.8270274291007809, Kappa coefficient is 0.9001748856292776
best round: [np.float64(0.9107482666857775), np.float64(0.9067056212888515), np.float64(0.9906795248389244), np.float64(0.9087224478672441), np.float64(0.832714322851476), np.float64(0.9038115029477484)]
best iteration: 26000
---------starting evaluation-----------
Racall rate is 0.9026187834880111, Precision rate is 0.9132767634626964, OA is 0.9906728863716125, F1 score is 0.9079164961980534, IoU is 0.8313617896774929, Kappa coefficient is 0.9030043327398551
best round: [np.float64(0.9107482666857775), np.float64(0.9067056212888515), np.float64(0.9906795248389244), np.float64(0.9087224478672441), np.float64(0.832714322851476), np.float64(0.9038115029477484)]
best iteration: 26000
---------starting evaluation-----------
Racall rate is 0.9012564105751729, Precision rate is 0.9148841309071991, OA is 0.9906983971595764, F1 score is 0.9080191417791904, IoU is 0.831533936646699, Kappa coefficient is 0.9031209503361791
best round: [np.float64(0.9107482666857775), np.float64(0.9067056212888515), np.float64(0.9906795248389244), np.float64(0.9087224478672441), np.float64(0.832714322851476), np.float64(0.9038115029477484)]
best iteration: 26000
---------starting evaluation-----------
Racall rate is 0.9144915380042078, Precision rate is 0.9035656296549774, OA is 0.9906720444560051, F1 score is 0.9089957533236604, IoU is 0.8331734327275498, Kappa coefficient is 0.9040800212804192
best round: [np.float64(0.9144915380042078), np.float64(0.9035656296549774), np.float64(0.9906720444560051), np.float64(0.9089957533236604), np.float64(0.8331734327275498), np.float64(0.9040800212804192)]
best iteration: 30000
---------starting evaluation-----------
Racall rate is 0.924688347141101, Precision rate is 0.8900839134159398, OA is 0.9903464168310165, F1 score is 0.9070562082107587, IoU is 0.829920271312243, Kappa coefficient is 0.9019669715961132
best round: [np.float64(0.9144915380042078), np.float64(0.9035656296549774), np.float64(0.9906720444560051), np.float64(0.9089957533236604), np.float64(0.8331734327275498), np.float64(0.9040800212804192)]
best iteration: 30000
---------starting evaluation-----------
Racall rate is 0.9134730125114536, Precision rate is 0.8961102686686142, OA is 0.9901972264051437, F1 score is 0.9047083438230691, IoU is 0.8259976589075052, Kappa coefficient is 0.8995416822030775
best round: [np.float64(0.9144915380042078), np.float64(0.9035656296549774), np.float64(0.9906720444560051), np.float64(0.9089957533236604), np.float64(0.8331734327275498), np.float64(0.9040800212804192)]
best iteration: 30000
---------starting evaluation-----------
Racall rate is 0.906828025831702, Precision rate is 0.910460367659184, OA is 0.9907104820013046, F1 score is 0.9086405666372006, IoU is 0.8325768201200332, Kappa coefficient is 0.9037470377470387
best round: [np.float64(0.9144915380042078), np.float64(0.9035656296549774), np.float64(0.9906720444560051), np.float64(0.9089957533236604), np.float64(0.8331734327275498), np.float64(0.9040800212804192)]
best iteration: 30000
---------starting evaluation-----------
Racall rate is 0.9132757134175815, Precision rate is 0.9049162690745319, OA is 0.9906935691833496, F1 score is 0.9090767742683125, IoU is 0.8333095792864711, Kappa coefficient is 0.9041726838715214
best round: [np.float64(0.9132757134175815), np.float64(0.9049162690745319), np.float64(0.9906935691833496), np.float64(0.9090767742683125), np.float64(0.8333095792864711), np.float64(0.9041726838715214)]
best iteration: 32000
---------starting evaluation-----------
Racall rate is 0.9097278398674338, Precision rate is 0.9078898414097315, OA is 0.9906995594501495, F1 score is 0.9088079113347017, IoU is 0.8328578632258217, Kappa coefficient is 0.9039078225038903
best round: [np.float64(0.9132757134175815), np.float64(0.9049162690745319), np.float64(0.9906935691833496), np.float64(0.9090767742683125), np.float64(0.8333095792864711), np.float64(0.9041726838715214)]
best iteration: 32000
---------starting evaluation-----------
Racall rate is 0.9061672420614172, Precision rate is 0.9139480517105008, OA is 0.9908736124634743, F1 score is 0.9100410157969828, IoU is 0.834931432270737, Kappa coefficient is 0.9052340765863732
best round: [np.float64(0.9061672420614172), np.float64(0.9139480517105008), np.float64(0.9908736124634743), np.float64(0.9100410157969828), np.float64(0.834931432270737), np.float64(0.9052340765863732)]
best iteration: 33000
---------starting evaluation-----------
Racall rate is 0.914890670122204, Precision rate is 0.90286220853048, OA is 0.9906500205397606, F1 score is 0.9088366418681829, IoU is 0.832906122713105, Kappa coefficient is 0.9039091805168874
best round: [np.float64(0.9061672420614172), np.float64(0.9139480517105008), np.float64(0.9908736124634743), np.float64(0.9100410157969828), np.float64(0.834931432270737), np.float64(0.9052340765863732)]
best iteration: 33000
---------starting evaluation-----------
Racall rate is 0.9179177267166228, Precision rate is 0.9008413157906824, OA is 0.9906714484095573, F1 score is 0.9092993556563149, IoU is 0.8336837063147369, Kappa coefficient is 0.9043826731920169
best round: [np.float64(0.9061672420614172), np.float64(0.9139480517105008), np.float64(0.9908736124634743), np.float64(0.9100410157969828), np.float64(0.834931432270737), np.float64(0.9052340765863732)]
best iteration: 33000
---------starting evaluation-----------
Racall rate is 0.9086069353044717, Precision rate is 0.910545661978986, OA is 0.9907969534397125, F1 score is 0.9095752655615122, IoU is 0.8341476828567139, Kappa coefficient is 0.904727031417439
best round: [np.float64(0.9061672420614172), np.float64(0.9139480517105008), np.float64(0.9908736124634743), np.float64(0.9100410157969828), np.float64(0.834931432270737), np.float64(0.9052340765863732)]
best iteration: 33000
---------starting evaluation-----------
Racall rate is 0.916130041894978, Precision rate is 0.9010226732658456, OA is 0.9906008318066597, F1 score is 0.9085135580740764, IoU is 0.8323635761072833, Kappa coefficient is 0.9035598483561252
best round: [np.float64(0.9061672420614172), np.float64(0.9139480517105008), np.float64(0.9908736124634743), np.float64(0.9100410157969828), np.float64(0.834931432270737), np.float64(0.9052340765863732)]
best iteration: 33000
---------starting evaluation-----------
Racall rate is 0.9087822960261563, Precision rate is 0.9125083560763507, OA is 0.9909143671393394, F1 score is 0.9106415145993357, IoU is 0.835942921272976, Kappa coefficient is 0.9058554012483523
best round: [np.float64(0.9087822960261563), np.float64(0.9125083560763507), np.float64(0.9909143671393394), np.float64(0.9106415145993357), np.float64(0.835942921272976), np.float64(0.9058554012483523)]
best iteration: 35500
---------starting evaluation-----------
Racall rate is 0.9083976432338038, Precision rate is 0.910147964900136, OA is 0.9907651320099831, F1 score is 0.9092719617383744, IoU is 0.8336376528722494, Kappa coefficient is 0.9044069358470791
best round: [np.float64(0.9087822960261563), np.float64(0.9125083560763507), np.float64(0.9909143671393394), np.float64(0.9106415145993357), np.float64(0.835942921272976), np.float64(0.9058554012483523)]
best iteration: 35500
---------starting evaluation-----------
Racall rate is 0.9068176416688666, Precision rate is 0.9118499747264582, OA is 0.9907873272895813, F1 score is 0.9093268458545234, IoU is 0.833729923944965, Kappa coefficient is 0.9044740153672192
best round: [np.float64(0.9087822960261563), np.float64(0.9125083560763507), np.float64(0.9909143671393394), np.float64(0.9106415145993357), np.float64(0.835942921272976), np.float64(0.9058554012483523)]
best iteration: 35500
---------starting evaluation-----------
Racall rate is 0.9092798583073668, Precision rate is 0.9110465651320413, OA is 0.99085583537817, F1 score is 0.9101623543863807, IoU is 0.8351357269127232, Kappa coefficient is 0.9053451141453701
best round: [np.float64(0.9087822960261563), np.float64(0.9125083560763507), np.float64(0.9909143671393394), np.float64(0.9106415145993357), np.float64(0.835942921272976), np.float64(0.9058554012483523)]
best iteration: 35500
---------starting evaluation-----------
Racall rate is 0.9109761332448973, Precision rate is 0.910361266731882, OA is 0.990895465016365, F1 score is 0.9106685962017905, IoU is 0.8359885642023456, Kappa coefficient is 0.9058718925033157
best round: [np.float64(0.9109761332448973), np.float64(0.910361266731882), np.float64(0.990895465016365), np.float64(0.9106685962017905), np.float64(0.8359885642023456), np.float64(0.9058718925033157)]
best iteration: 37500
---------starting evaluation-----------
Racall rate is 0.9088251489798291, Precision rate is 0.9119417643288023, OA is 0.990884818136692, F1 score is 0.9103807892916889, IoU is 0.8355036147902462, Kappa coefficient is 0.9055790180315831
best round: [np.float64(0.9109761332448973), np.float64(0.910361266731882), np.float64(0.990895465016365), np.float64(0.9106685962017905), np.float64(0.8359885642023456), np.float64(0.9058718925033157)]
best iteration: 37500
---------starting evaluation-----------
Racall rate is 0.9176035692268991, Precision rate is 0.9006722350570288, OA is 0.9906474649906158, F1 score is 0.9090590719457703, IoU is 0.8332798308036178, Kappa coefficient is 0.9041297621776408
best round: [np.float64(0.9109761332448973), np.float64(0.910361266731882), np.float64(0.990895465016365), np.float64(0.9106685962017905), np.float64(0.8359885642023456), np.float64(0.9058718925033157)]
best iteration: 37500
---------starting evaluation-----------
Racall rate is 0.9095989884947864, Precision rate is 0.9115009552887352, OA is 0.9908958598971367, F1 score is 0.9105489786794723, IoU is 0.8357869797357136, Kappa coefficient is 0.9057528434955966
best round: [np.float64(0.9109761332448973), np.float64(0.910361266731882), np.float64(0.990895465016365), np.float64(0.9106685962017905), np.float64(0.8359885642023456), np.float64(0.9058718925033157)]
best iteration: 37500
---------starting evaluation-----------
Racall rate is 0.9086214146301154, Precision rate is 0.9115603427645276, OA is 0.9908542037010193, F1 score is 0.9100885060500449, IoU is 0.8350113849628169, Kappa coefficient is 0.905270580806434
best round: [np.float64(0.9109761332448973), np.float64(0.910361266731882), np.float64(0.990895465016365), np.float64(0.9106685962017905), np.float64(0.8359885642023456), np.float64(0.9058718925033157)]
best iteration: 37500
---------starting evaluation-----------
Racall rate is 0.9119244559466517, Precision rate is 0.9105840172912346, OA is 0.9909515008330345, F1 score is 0.9112537436786317, IoU is 0.8369753176075715, Kappa coefficient is 0.9064864625381567
best round: [np.float64(0.9119244559466517), np.float64(0.9105840172912346), np.float64(0.9909515008330345), np.float64(0.9112537436786317), np.float64(0.8369753176075715), np.float64(0.9064864625381567)]
best iteration: 40000
---------starting evaluation-----------
Racall rate is 0.9055532601517989, Precision rate is 0.9179723326029966, OA is 0.9910665526986122, F1 score is 0.9117205064964219, IoU is 0.8377631958875317, Kappa coefficient is 0.9070159628099761
best round: [np.float64(0.9055532601517989), np.float64(0.9179723326029966), np.float64(0.9910665526986122), np.float64(0.9117205064964219), np.float64(0.8377631958875317), np.float64(0.9070159628099761)]
best iteration: 40500
---------starting evaluation-----------
Racall rate is 0.9063427490389164, Precision rate is 0.9170118611349725, OA is 0.9910504966974258, F1 score is 0.911646090656059, IoU is 0.8376375394338397, Kappa coefficient is 0.906932791739967
best round: [np.float64(0.9055532601517989), np.float64(0.9179723326029966), np.float64(0.9910665526986122), np.float64(0.9117205064964219), np.float64(0.8377631958875317), np.float64(0.9070159628099761)]
best iteration: 40500
---------starting evaluation-----------
Racall rate is 0.9107194542903047, Precision rate is 0.911577390973371, OA is 0.9909516647458076, F1 score is 0.9111482206737007, IoU is 0.8367972923159952, Kappa coefficient is 0.9063813330356192
best round: [np.float64(0.9055532601517989), np.float64(0.9179723326029966), np.float64(0.9910665526986122), np.float64(0.9117205064964219), np.float64(0.8377631958875317), np.float64(0.9070159628099761)]
best iteration: 40500
---------starting evaluation-----------
Racall rate is 0.9199941205162537, Precision rate is 0.8997618537104634, OA is 0.9907031655311584, F1 score is 0.9097655147198349, IoU is 0.8344677470792405, Kappa coefficient is 0.9048652677358329
best round: [np.float64(0.9055532601517989), np.float64(0.9179723326029966), np.float64(0.9910665526986122), np.float64(0.9117205064964219), np.float64(0.8377631958875317), np.float64(0.9070159628099761)]
best iteration: 40500
---------starting evaluation-----------
Racall rate is 0.9145702236324533, Precision rate is 0.9057975202631108, OA is 0.990802675485611, F1 score is 0.9101627332727356, IoU is 0.8351363649051167, Kappa coefficient is 0.905316089690195
best round: [np.float64(0.9055532601517989), np.float64(0.9179723326029966), np.float64(0.9910665526986122), np.float64(0.9117205064964219), np.float64(0.8377631958875317), np.float64(0.9070159628099761)]
best iteration: 40500
---------starting evaluation-----------
Racall rate is 0.9039317219355202, Precision rate is 0.918454739182253, OA is 0.9910176768898964, F1 score is 0.9111353619249691, IoU is 0.8367756009927335, Kappa coefficient is 0.9064054542946764
best round: [np.float64(0.9055532601517989), np.float64(0.9179723326029966), np.float64(0.9910665526986122), np.float64(0.9117205064964219), np.float64(0.8377631958875317), np.float64(0.9070159628099761)]
best iteration: 40500
---------starting evaluation-----------
Racall rate is 0.9029390837219472, Precision rate is 0.920567690394939, OA is 0.9910865500569344, F1 score is 0.9116681754821435, IoU is 0.8376748294446164, Kappa coefficient is 0.9069751032425528
best round: [np.float64(0.9055532601517989), np.float64(0.9179723326029966), np.float64(0.9910665526986122), np.float64(0.9117205064964219), np.float64(0.8377631958875317), np.float64(0.9070159628099761)]
best iteration: 40500
---------starting evaluation-----------
Racall rate is 0.912007090481891, Precision rate is 0.9088258904913785, OA is 0.9908565953373909, F1 score is 0.9104137115295625, IoU is 0.8355590751858694, Kappa coefficient is 0.9055961790909703
best round: [np.float64(0.9055532601517989), np.float64(0.9179723326029966), np.float64(0.9910665526986122), np.float64(0.9117205064964219), np.float64(0.8377631958875317), np.float64(0.9070159628099761)]
best iteration: 40500
---------starting evaluation-----------
Racall rate is 0.9091239496090217, Precision rate is 0.913877564222254, OA is 0.9910061433911324, F1 score is 0.9114945592104468, IoU is 0.8373817208936404, Kappa coefficient is 0.9067569468072559
best round: [np.float64(0.9055532601517989), np.float64(0.9179723326029966), np.float64(0.9910665526986122), np.float64(0.9117205064964219), np.float64(0.8377631958875317), np.float64(0.9070159628099761)]
best iteration: 40500
---------starting evaluation-----------
Racall rate is 0.9061770412009943, Precision rate is 0.9168724233552944, OA is 0.9910351634025574, F1 score is 0.91149335869184, IoU is 0.8373796944375217, Kappa coefficient is 0.9067719891726365
best round: [np.float64(0.9055532601517989), np.float64(0.9179723326029966), np.float64(0.9910665526986122), np.float64(0.9117205064964219), np.float64(0.8377631958875317), np.float64(0.9070159628099761)]
best iteration: 40500
---------starting evaluation-----------
Racall rate is 0.9131388179751321, Precision rate is 0.9099713094116353, OA is 0.9909728914499283, F1 score is 0.9115523120465279, IoU is 0.837479212033104, Kappa coefficient is 0.9067960567222197
best round: [np.float64(0.9055532601517989), np.float64(0.9179723326029966), np.float64(0.9910665526986122), np.float64(0.9117205064964219), np.float64(0.8377631958875317), np.float64(0.9070159628099761)]
best iteration: 40500
---------starting evaluation-----------
Racall rate is 0.9081778207444859, Precision rate is 0.9138950993301849, OA is 0.9909634590148926, F1 score is 0.9110274902332002, IoU is 0.8365936532486884, Kappa coefficient is 0.9062675433171189
best round: [np.float64(0.9055532601517989), np.float64(0.9179723326029966), np.float64(0.9910665526986122), np.float64(0.9117205064964219), np.float64(0.8377631958875317), np.float64(0.9070159628099761)]
best iteration: 40500
---------starting evaluation-----------
Racall rate is 0.9038850663306683, Precision rate is 0.9182414036772655, OA is 0.9910038635134697, F1 score is 0.9110066789894966, IoU is 0.836558554963543, Kappa coefficient is 0.9062694677739346
best round: [np.float64(0.9055532601517989), np.float64(0.9179723326029966), np.float64(0.9910665526986122), np.float64(0.9117205064964219), np.float64(0.8377631958875317), np.float64(0.9070159628099761)]
best iteration: 40500
---------starting evaluation-----------
Racall rate is 0.9090496516552136, Precision rate is 0.9129604882223181, OA is 0.9909518137574196, F1 score is 0.9110008727495407, IoU is 0.8365487629449856, Kappa coefficient is 0.9062345132073338
best round: [np.float64(0.9055532601517989), np.float64(0.9179723326029966), np.float64(0.9910665526986122), np.float64(0.9117205064964219), np.float64(0.8377631958875317), np.float64(0.9070159628099761)]
best iteration: 40500
---------starting evaluation-----------
Racall rate is 0.9124006648789331, Precision rate is 0.9073413269803039, OA is 0.990790955722332, F1 score is 0.9098639628172084, IoU is 0.8346334143475749, Kappa coefficient is 0.9050115993617595
best round: [np.float64(0.9055532601517989), np.float64(0.9179723326029966), np.float64(0.9910665526986122), np.float64(0.9117205064964219), np.float64(0.8377631958875317), np.float64(0.9070159628099761)]
best iteration: 40500
---------starting evaluation-----------
Racall rate is 0.9117840503646523, Precision rate is 0.9108041546360529, OA is 0.9909573793411255, F1 score is 0.9112938390849425, IoU is 0.8370429706386525, Kappa coefficient is 0.906529704484924
best round: [np.float64(0.9055532601517989), np.float64(0.9179723326029966), np.float64(0.9910665526986122), np.float64(0.9117205064964219), np.float64(0.8377631958875317), np.float64(0.9070159628099761)]
best iteration: 40500
---------starting evaluation-----------
Racall rate is 0.9163697551750791, Precision rate is 0.9051860849711152, OA is 0.9908500015735626, F1 score is 0.9107435883011925, IoU is 0.8361149666135949, Kappa coefficient is 0.9059216117060724
best round: [np.float64(0.9055532601517989), np.float64(0.9179723326029966), np.float64(0.9910665526986122), np.float64(0.9117205064964219), np.float64(0.8377631958875317), np.float64(0.9070159628099761)]
best iteration: 40500
---------starting evaluation-----------
Racall rate is 0.9163210519888231, Precision rate is 0.9060402451627048, OA is 0.9908963963389397, F1 score is 0.9111516491152396, IoU is 0.836803075813881, Kappa coefficient is 0.9063542223572908
best round: [np.float64(0.9055532601517989), np.float64(0.9179723326029966), np.float64(0.9910665526986122), np.float64(0.9117205064964219), np.float64(0.8377631958875317), np.float64(0.9070159628099761)]
best iteration: 40500
---------starting evaluation-----------
Racall rate is 0.9129916846256619, Precision rate is 0.9087683848417044, OA is 0.9908984825015068, F1 score is 0.9108751393961017, IoU is 0.8363367436962547, Kappa coefficient is 0.9060795408233627
best round: [np.float64(0.9055532601517989), np.float64(0.9179723326029966), np.float64(0.9910665526986122), np.float64(0.9117205064964219), np.float64(0.8377631958875317), np.float64(0.9070159628099761)]
best iteration: 40500
---------starting evaluation-----------
Racall rate is 0.9133113998363398, Precision rate is 0.9097009805999617, OA is 0.9909656196832657, F1 score is 0.9115026150567306, IoU is 0.8373953191483655, Kappa coefficient is 0.9067424705365481
best round: [np.float64(0.9055532601517989), np.float64(0.9179723326029966), np.float64(0.9910665526986122), np.float64(0.9117205064964219), np.float64(0.8377631958875317), np.float64(0.9070159628099761)]
best iteration: 40500
---------starting evaluation-----------
Racall rate is 0.9146919084701861, Precision rate is 0.9084873383051296, OA is 0.9909605383872986, F1 score is 0.9115790658160419, IoU is 0.8375243779186377, Kappa coefficient is 0.9068159167034444
best round: [np.float64(0.9055532601517989), np.float64(0.9179723326029966), np.float64(0.9910665526986122), np.float64(0.9117205064964219), np.float64(0.8377631958875317), np.float64(0.9070159628099761)]
best iteration: 40500
---------starting evaluation-----------
Racall rate is 0.9136973689310236, Precision rate is 0.9099329834839412, OA is 0.9909963756799698, F1 score is 0.911811290936058, IoU is 0.8379165151606804, Kappa coefficient is 0.9070673317876089
best round: [np.float64(0.9136973689310236), np.float64(0.9099329834839412), np.float64(0.9909963756799698), np.float64(0.911811290936058), np.float64(0.8379165151606804), np.float64(0.9070673317876089)]
best iteration: 51000
---------starting evaluation-----------
Racall rate is 0.9155068458690411, Precision rate is 0.908417233904964, OA is 0.9909939095377922, F1 score is 0.9119482611890956, IoU is 0.8381478827337139, Kappa coefficient is 0.9072025897488264
best round: [np.float64(0.9155068458690411), np.float64(0.908417233904964), np.float64(0.9909939095377922), np.float64(0.9119482611890956), np.float64(0.8381478827337139), np.float64(0.9072025897488264)]
best iteration: 51500
---------starting evaluation-----------
Racall rate is 0.9106589043830674, Precision rate is 0.911687486025945, OA is 0.9909550249576569, F1 score is 0.9111729049248422, IoU is 0.8368389334230767, Kappa coefficient is 0.9064078119384622
best round: [np.float64(0.9155068458690411), np.float64(0.908417233904964), np.float64(0.9909939095377922), np.float64(0.9119482611890956), np.float64(0.8381478827337139), np.float64(0.9072025897488264)]
best iteration: 51500
---------starting evaluation-----------
Racall rate is 0.9142480220729275, Precision rate is 0.9086297308627289, OA is 0.9909482374787331, F1 score is 0.9114302184006396, IoU is 0.8372731209399716, Kappa coefficient is 0.9066606598692516
best round: [np.float64(0.9155068458690411), np.float64(0.908417233904964), np.float64(0.9909939095377922), np.float64(0.9119482611890956), np.float64(0.8381478827337139), np.float64(0.9072025897488264)]
best iteration: 51500
---------starting evaluation-----------
Racall rate is 0.9090641309808573, Precision rate is 0.9140837920241043, OA is 0.9910148158669472, F1 score is 0.9115670512028087, IoU is 0.8375040944967403, Kappa coefficient is 0.9068340478330456
best round: [np.float64(0.9155068458690411), np.float64(0.908417233904964), np.float64(0.9909939095377922), np.float64(0.9119482611890956), np.float64(0.8381478827337139), np.float64(0.9072025897488264)]
best iteration: 51500
---------starting evaluation-----------
Racall rate is 0.9109174846632496, Precision rate is 0.9124714259699128, OA is 0.9910106509923935, F1 score is 0.9116937931611929, IoU is 0.837718086538697, Kappa coefficient is 0.906958080287103
best round: [np.float64(0.9155068458690411), np.float64(0.908417233904964), np.float64(0.9909939095377922), np.float64(0.9119482611890956), np.float64(0.8381478827337139), np.float64(0.9072025897488264)]
best iteration: 51500
---------starting evaluation-----------
Racall rate is 0.9102850745209939, Precision rate is 0.9144700042388788, OA is 0.9910925924777985, F1 score is 0.9123727404792654, IoU is 0.8388652752978116, Kappa coefficient is 0.9076805797424617
best round: [np.float64(0.9102850745209939), np.float64(0.9144700042388788), np.float64(0.9910925924777985), np.float64(0.9123727404792654), np.float64(0.8388652752978116), np.float64(0.9076805797424617)]
best iteration: 54000
---------starting evaluation-----------
Racall rate is 0.9109398618028808, Precision rate is 0.9112853255784453, OA is 0.9909454882144928, F1 score is 0.9111125609435523, IoU is 0.8367371394540628, Kappa coefficient is 0.9063423464664284
best round: [np.float64(0.9102850745209939), np.float64(0.9144700042388788), np.float64(0.9910925924777985), np.float64(0.9123727404792654), np.float64(0.8388652752978116), np.float64(0.9076805797424617)]
best iteration: 54000
---------starting evaluation-----------
Racall rate is 0.9105378045685929, Precision rate is 0.9137581866360752, OA is 0.9910647496581078, F1 score is 0.9121451531741561, IoU is 0.8384805710390724, Kappa coefficient is 0.9074381821462735
best round: [np.float64(0.9102850745209939), np.float64(0.9144700042388788), np.float64(0.9910925924777985), np.float64(0.9123727404792654), np.float64(0.8388652752978116), np.float64(0.9076805797424617)]
best iteration: 54000
---------starting evaluation-----------
Racall rate is 0.9094948543548035, Precision rate is 0.9152408988037076, OA is 0.9910987764596939, F1 score is 0.9123588295085354, IoU is 0.8388417561430433, Kappa coefficient is 0.9076701634363774
best round: [np.float64(0.9102850745209939), np.float64(0.9144700042388788), np.float64(0.9910925924777985), np.float64(0.9123727404792654), np.float64(0.8388652752978116), np.float64(0.9076805797424617)]
best iteration: 54000
---------starting evaluation-----------
Racall rate is 0.9073568868572331, Precision rate is 0.9168581128063464, OA is 0.9910890311002731, F1 score is 0.9120827567794213, IoU is 0.8383751268427074, Kappa coefficient is 0.907389556894703
best round: [np.float64(0.9102850745209939), np.float64(0.9144700042388788), np.float64(0.9910925924777985), np.float64(0.9123727404792654), np.float64(0.8388652752978116), np.float64(0.9076805797424617)]
best iteration: 54000
---------starting evaluation-----------
Racall rate is 0.9125236660189971, Precision rate is 0.9125319407313413, OA is 0.9910880029201508, F1 score is 0.9125278033564107, IoU is 0.8391274794637206, Kappa coefficient is 0.907832623506899
best round: [np.float64(0.9125236660189971), np.float64(0.9125319407313413), np.float64(0.9910880029201508), np.float64(0.9125278033564107), np.float64(0.8391274794637206), np.float64(0.907832623506899)]
best iteration: 56500
---------starting evaluation-----------
Racall rate is 0.9102305211021545, Precision rate is 0.9138873617175743, OA is 0.9910577461123466, F1 score is 0.9120552759441035, IoU is 0.8383286905826697, Kappa coefficient is 0.9073446803309201
best round: [np.float64(0.9125236660189971), np.float64(0.9125319407313413), np.float64(0.9910880029201508), np.float64(0.9125278033564107), np.float64(0.8391274794637206), np.float64(0.907832623506899)]
best iteration: 56500
---------starting evaluation-----------
Racall rate is 0.9058658088275622, Precision rate is 0.9157059850875114, OA is 0.9909566342830658, F1 score is 0.9107593185187538, IoU is 0.8361414827806674, Kappa coefficient is 0.9059964475876542
best round: [np.float64(0.9125236660189971), np.float64(0.9125319407313413), np.float64(0.9910880029201508), np.float64(0.9125278033564107), np.float64(0.8391274794637206), np.float64(0.907832623506899)]
best iteration: 56500
---------starting evaluation-----------
Racall rate is 0.9121050818776614, Precision rate is 0.9130713917909535, OA is 0.9910988062620163, F1 score is 0.9125879810357964, IoU is 0.8392292572828717, Kappa coefficient is 0.9078986262345834
best round: [np.float64(0.9121050818776614), np.float64(0.9130713917909535), np.float64(0.9910988062620163), np.float64(0.9125879810357964), np.float64(0.8392292572828717), np.float64(0.9078986262345834)]
best iteration: 58000
---------starting evaluation-----------
Racall rate is 0.9146088351675031, Precision rate is 0.9090357630399696, OA is 0.9909876734018326, F1 score is 0.9118137834277737, IoU is 0.8379207249104629, Kappa coefficient is 0.9070650103809863
best round: [np.float64(0.9121050818776614), np.float64(0.9130713917909535), np.float64(0.9910988062620163), np.float64(0.9125879810357964), np.float64(0.8392292572828717), np.float64(0.9078986262345834)]
best iteration: 58000
---------starting evaluation-----------
Racall rate is 0.9151460327744655, Precision rate is 0.9080590831377435, OA is 0.9909571409225464, F1 score is 0.9115887841753283, IoU is 0.8375407850649831, Kappa coefficient is 0.906823737856362
best round: [np.float64(0.9121050818776614), np.float64(0.9130713917909535), np.float64(0.9910988062620163), np.float64(0.9125879810357964), np.float64(0.8392292572828717), np.float64(0.9078986262345834)]
best iteration: 58000
---------starting evaluation-----------
Racall rate is 0.9060306391305969, Precision rate is 0.9195880135969051, OA is 0.991177037358284, F1 score is 0.9127589866057338, IoU is 0.8395185385402125, Kappa coefficient is 0.9081128207203649
best round: [np.float64(0.9060306391305969), np.float64(0.9195880135969051), np.float64(0.991177037358284), np.float64(0.9127589866057338), np.float64(0.8395185385402125), np.float64(0.9081128207203649)]
best iteration: 59500
---------starting evaluation-----------
Racall rate is 0.9119133405047435, Precision rate is 0.9124862689267825, OA is 0.9910573437809944, F1 score is 0.9121997147554892, IoU is 0.8385727850314445, Kappa coefficient is 0.9074884612352229
best round: [np.float64(0.9060306391305969), np.float64(0.9195880135969051), np.float64(0.991177037358284), np.float64(0.9127589866057338), np.float64(0.8395185385402125), np.float64(0.9081128207203649)]
best iteration: 59500
---------starting evaluation-----------
Racall rate is 0.9053283187089707, Precision rate is 0.9209989467339602, OA is 0.9912212193012238, F1 score is 0.9130964025521131, IoU is 0.8400895946026092, Kappa coefficient is 0.9084738745336738
best round: [np.float64(0.9053283187089707), np.float64(0.9209989467339602), np.float64(0.9912212193012238), np.float64(0.9130964025521131), np.float64(0.8400895946026092), np.float64(0.9084738745336738)]
best iteration: 60500
---------starting evaluation-----------
Racall rate is 0.9111626094084903, Precision rate is 0.9137709454843177, OA is 0.991094283759594, F1 score is 0.9124649134286522, IoU is 0.8390211264864693, Kappa coefficient is 0.9077734109331849
best round: [np.float64(0.9053283187089707), np.float64(0.9209989467339602), np.float64(0.9912212193012238), np.float64(0.9130964025521131), np.float64(0.8400895946026092), np.float64(0.9084738745336738)]
best iteration: 60500
---------starting evaluation-----------
Racall rate is 0.9023653221613391, Precision rate is 0.9230655756639284, OA is 0.9911949709057808, F1 score is 0.9125980792286918, IoU is 0.8392463373444974, Kappa coefficient is 0.9079626711043348
best round: [np.float64(0.9053283187089707), np.float64(0.9209989467339602), np.float64(0.9912212193012238), np.float64(0.9130964025521131), np.float64(0.8400895946026092), np.float64(0.9084738745336738)]
best iteration: 60500
---------starting evaluation-----------
Racall rate is 0.9147474856797275, Precision rate is 0.9111032512353447, OA is 0.9911103546619415, F1 score is 0.9129217316748526, IoU is 0.8397939304603923, Kappa coefficient is 0.9082378432909491
best round: [np.float64(0.9053283187089707), np.float64(0.9209989467339602), np.float64(0.9912212193012238), np.float64(0.9130964025521131), np.float64(0.8400895946026092), np.float64(0.9084738745336738)]
best iteration: 60500
---------starting evaluation-----------
Racall rate is 0.9127562127641837, Precision rate is 0.9113799458501152, OA is 0.9910343065857887, F1 score is 0.9120675601269858, IoU is 0.8383494477225482, Kappa coefficient is 0.9073439012433527
best round: [np.float64(0.9053283187089707), np.float64(0.9209989467339602), np.float64(0.9912212193012238), np.float64(0.9130964025521131), np.float64(0.8400895946026092), np.float64(0.9084738745336738)]
best iteration: 60500
---------starting evaluation-----------
Racall rate is 0.9110397545242408, Precision rate is 0.9127372531712027, OA is 0.9910310953855515, F1 score is 0.9118877138658203, IoU is 0.8380456001517583, Kappa coefficient is 0.9071627919576498
best round: [np.float64(0.9053283187089707), np.float64(0.9209989467339602), np.float64(0.9912212193012238), np.float64(0.9130964025521131), np.float64(0.8400895946026092), np.float64(0.9084738745336738)]
best iteration: 60500
---------starting evaluation-----------
Racall rate is 0.9109424944075433, Precision rate is 0.9136832763053181, OA is 0.99107925593853, F1 score is 0.9123108268835286, IoU is 0.8387606031505812, Kappa coefficient is 0.9076114271533602
best round: [np.float64(0.9053283187089707), np.float64(0.9209989467339602), np.float64(0.9912212193012238), np.float64(0.9130964025521131), np.float64(0.8400895946026092), np.float64(0.9084738745336738)]
best iteration: 60500
---------starting evaluation-----------
Racall rate is 0.9099987056360409, Precision rate is 0.9161498877702893, OA is 0.9911723211407661, F1 score is 0.9130639369104886, IoU is 0.8400346330539368, Kappa coefficient is 0.9084140714620207
best round: [np.float64(0.9053283187089707), np.float64(0.9209989467339602), np.float64(0.9912212193012238), np.float64(0.9130964025521131), np.float64(0.8400895946026092), np.float64(0.9084738745336738)]
best iteration: 60500
---------starting evaluation-----------
Racall rate is 0.9119803256678223, Precision rate is 0.9133530265374885, OA is 0.9911087453365326, F1 score is 0.9126661599482566, IoU is 0.8393614972057022, Kappa coefficient is 0.9079820985814252
best round: [np.float64(0.9053283187089707), np.float64(0.9209989467339602), np.float64(0.9912212193012238), np.float64(0.9130964025521131), np.float64(0.8400895946026092), np.float64(0.9084738745336738)]
best iteration: 60500
---------starting evaluation-----------
Racall rate is 0.9092339339815878, Precision rate is 0.9154984376079165, OA is 0.9911009520292282, F1 score is 0.9123554324354389, IoU is 0.8388360128331013, Kappa coefficient is 0.9076679925759052
best round: [np.float64(0.9053283187089707), np.float64(0.9209989467339602), np.float64(0.9912212193012238), np.float64(0.9130964025521131), np.float64(0.8400895946026092), np.float64(0.9084738745336738)]
best iteration: 60500
---------starting evaluation-----------
Racall rate is 0.9060053368746741, Precision rate is 0.9203556941702872, OA is 0.9912177249789238, F1 score is 0.9131241376346997, IoU is 0.8401365503209578, Kappa coefficient is 0.9084995352867336
best round: [np.float64(0.9060053368746741), np.float64(0.9203556941702872), np.float64(0.9912177249789238), np.float64(0.9131241376346997), np.float64(0.8401365503209578), np.float64(0.9084995352867336)]
best iteration: 65500
---------starting evaluation-----------
Racall rate is 0.9131105906029177, Precision rate is 0.9136829340681148, OA is 0.9911792501807213, F1 score is 0.9133966726764942, IoU is 0.8405980818468041, Kappa coefficient is 0.9087496428375937
best round: [np.float64(0.9131105906029177), np.float64(0.9136829340681148), np.float64(0.9911792501807213), np.float64(0.9133966726764942), np.float64(0.8405980818468041), np.float64(0.9087496428375937)]
best iteration: 66000
---------starting evaluation-----------
Racall rate is 0.9167782476652088, Precision rate is 0.9090484570023758, OA is 0.9910878464579582, F1 score is 0.9128969899748843, IoU is 0.8397520580444288, Kappa coefficient is 0.908200743512761
best round: [np.float64(0.9131105906029177), np.float64(0.9136829340681148), np.float64(0.9911792501807213), np.float64(0.9133966726764942), np.float64(0.8405980818468041), np.float64(0.9087496428375937)]
best iteration: 66000
---------starting evaluation-----------
Racall rate is 0.9107105326856151, Precision rate is 0.9149795589818371, OA is 0.9911404922604561, F1 score is 0.9128400546839135, IoU is 0.8396557090028824, Kappa coefficient is 0.9081731383597694
best round: [np.float64(0.9131105906029177), np.float64(0.9136829340681148), np.float64(0.9911792501807213), np.float64(0.9133966726764942), np.float64(0.8405980818468041), np.float64(0.9087496428375937)]
best iteration: 66000
---------starting evaluation-----------
Racall rate is 0.9081345290233694, Precision rate is 0.9174313011031687, OA is 0.9911565780639648, F1 score is 0.9127592429585228, IoU is 0.8395189722672456, Kappa coefficient is 0.908101583973964
best round: [np.float64(0.9131105906029177), np.float64(0.9136829340681148), np.float64(0.9911792501807213), np.float64(0.9133966726764942), np.float64(0.8405980818468041), np.float64(0.9087496428375937)]
best iteration: 66000
---------starting evaluation-----------
Racall rate is 0.9087571400260481, Precision rate is 0.9176037921758167, OA is 0.9911949262022972, F1 score is 0.9131590400911883, IoU is 0.8401956438666099, Kappa coefficient is 0.9085215049841626
best round: [np.float64(0.9131105906029177), np.float64(0.9136829340681148), np.float64(0.9911792501807213), np.float64(0.9133966726764942), np.float64(0.8405980818468041), np.float64(0.9087496428375937)]
best iteration: 66000
---------starting evaluation-----------
Racall rate is 0.9079148527898663, Precision rate is 0.9178528719099422, OA is 0.9911695495247841, F1 score is 0.9128568150364113, IoU is 0.8396840707482198, Kappa coefficient is 0.9082060925638312
best round: [np.float64(0.9131105906029177), np.float64(0.9136829340681148), np.float64(0.9911792501807213), np.float64(0.9133966726764942), np.float64(0.8405980818468041), np.float64(0.9087496428375937)]
best iteration: 66000
---------starting evaluation-----------
Racall rate is 0.905045021196124, Precision rate is 0.9208187064364497, OA is 0.9911982268095016, F1 score is 0.9128637291734064, IoU is 0.8396957710548277, Kappa coefficient is 0.9082291135537567
best round: [np.float64(0.9131105906029177), np.float64(0.9136829340681148), np.float64(0.9911792501807213), np.float64(0.9133966726764942), np.float64(0.8405980818468041), np.float64(0.9087496428375937)]
best iteration: 66000
---------starting evaluation-----------
Racall rate is 0.9098278788446084, Precision rate is 0.9158363118732221, OA is 0.991147093474865, F1 score is 0.9128222081990414, IoU is 0.8396255102736329, Kappa coefficient is 0.9081590326600091
best round: [np.float64(0.9131105906029177), np.float64(0.9136829340681148), np.float64(0.9911792501807213), np.float64(0.9133966726764942), np.float64(0.8405980818468041), np.float64(0.9087496428375937)]
best iteration: 66000
---------starting evaluation-----------
Racall rate is 0.9111794288271673, Precision rate is 0.9150037348955565, OA is 0.9911634996533394, F1 score is 0.9130875775212729, IoU is 0.8400746542568326, Kappa coefficient is 0.9084327147505977
best round: [np.float64(0.9131105906029177), np.float64(0.9136829340681148), np.float64(0.9911792501807213), np.float64(0.9133966726764942), np.float64(0.8405980818468041), np.float64(0.9087496428375937)]
best iteration: 66000
---------starting evaluation-----------
Racall rate is 0.9114915387354868, Precision rate is 0.9153417565349578, OA is 0.9911966621875763, F1 score is 0.9134125902926223, IoU is 0.8406250451020855, Kappa coefficient is 0.908775200379967
best round: [np.float64(0.9114915387354868), np.float64(0.9153417565349578), np.float64(0.9911966621875763), np.float64(0.9134125902926223), np.float64(0.8406250451020855), np.float64(0.908775200379967)]
best iteration: 70500
---------starting evaluation-----------
Racall rate is 0.9097781518676502, Precision rate is 0.9161873974888298, OA is 0.9911641851067543, F1 score is 0.912971526265189, IoU is 0.8398782077238532, Kappa coefficient is 0.9083174151860198
best round: [np.float64(0.9114915387354868), np.float64(0.9153417565349578), np.float64(0.9911966621875763), np.float64(0.9134125902926223), np.float64(0.8406250451020855), np.float64(0.908775200379967)]
best iteration: 70500
---------starting evaluation-----------
Racall rate is 0.9106806964994402, Precision rate is 0.9126412373379423, OA is 0.9910092055797577, F1 score is 0.9116599128754342, IoU is 0.8376608779375875, Kappa coefficient is 0.9069234972736444
best round: [np.float64(0.9114915387354868), np.float64(0.9153417565349578), np.float64(0.9911966621875763), np.float64(0.9134125902926223), np.float64(0.8406250451020855), np.float64(0.908775200379967)]
best iteration: 70500
---------starting evaluation-----------
Racall rate is 0.9082642579309044, Precision rate is 0.9171491831900823, OA is 0.9911470785737038, F1 score is 0.9126850975420904, IoU is 0.8393935330776179, Kappa coefficient is 0.9080223685561712
best round: [np.float64(0.9114915387354868), np.float64(0.9153417565349578), np.float64(0.9911966621875763), np.float64(0.9134125902926223), np.float64(0.8406250451020855), np.float64(0.908775200379967)]
best iteration: 70500
---------starting evaluation-----------
Racall rate is 0.9096447665647508, Precision rate is 0.916605641132129, OA is 0.9911810904741287, F1 score is 0.9131119379308695, IoU is 0.8401158958288307, Kappa coefficient is 0.9084668168750726
best round: [np.float64(0.9114915387354868), np.float64(0.9153417565349578), np.float64(0.9911966621875763), np.float64(0.9134125902926223), np.float64(0.8406250451020855), np.float64(0.908775200379967)]
best iteration: 70500
---------starting evaluation-----------
Racall rate is 0.9069991451347638, Precision rate is 0.9180321777579609, OA is 0.991136908531189, F1 score is 0.9124823119341272, IoU is 0.8390505478186361, Kappa coefficient is 0.9078145815988838
best round: [np.float64(0.9114915387354868), np.float64(0.9153417565349578), np.float64(0.9911966621875763), np.float64(0.9134125902926223), np.float64(0.8406250451020855), np.float64(0.908775200379967)]
best iteration: 70500
---------starting evaluation-----------
Racall rate is 0.9070564774140802, Precision rate is 0.918581919077213, OA is 0.9911696910858154, F1 score is 0.9127828176004472, IoU is 0.8395588594229916, Kappa coefficient is 0.9081324343247767
best round: [np.float64(0.9114915387354868), np.float64(0.9153417565349578), np.float64(0.9911966621875763), np.float64(0.9134125902926223), np.float64(0.8406250451020855), np.float64(0.908775200379967)]
best iteration: 70500
---------starting evaluation-----------
Racall rate is 0.9141237046305322, Precision rate is 0.9118252494321307, OA is 0.9911221489310265, F1 score is 0.9129730304146866, IoU is 0.8398807536145805, Kappa coefficient is 0.9082955302157674
best round: [np.float64(0.9114915387354868), np.float64(0.9153417565349578), np.float64(0.9911966621875763), np.float64(0.9134125902926223), np.float64(0.8406250451020855), np.float64(0.908775200379967)]
best iteration: 70500
---------starting evaluation-----------
Racall rate is 0.9145168402601306, Precision rate is 0.9110817625934816, OA is 0.9910985454916954, F1 score is 0.9127960696762566, IoU is 0.8395812820548282, Kappa coefficient is 0.9081059858254344
best round: [np.float64(0.9114915387354868), np.float64(0.9153417565349578), np.float64(0.9911966621875763), np.float64(0.9134125902926223), np.float64(0.8406250451020855), np.float64(0.908775200379967)]
best iteration: 70500
---------starting evaluation-----------
Racall rate is 0.9119845670864453, Precision rate is 0.9145815732657467, OA is 0.9911772683262825, F1 score is 0.913281223968355, IoU is 0.8404025439804865, Kappa coefficient is 0.9086334355089206
best round: [np.float64(0.9114915387354868), np.float64(0.9153417565349578), np.float64(0.9911966621875763), np.float64(0.9134125902926223), np.float64(0.8406250451020855), np.float64(0.908775200379967)]
best iteration: 70500
---------starting evaluation-----------
Racall rate is 0.9086391115836799, Precision rate is 0.9171897396256314, OA is 0.9911666810512543, F1 score is 0.9128944036732836, IoU is 0.8397476811433178, Kappa coefficient is 0.9082419449076057
best round: [np.float64(0.9114915387354868), np.float64(0.9153417565349578), np.float64(0.9911966621875763), np.float64(0.9134125902926223), np.float64(0.8406250451020855), np.float64(0.908775200379967)]
best iteration: 70500
---------starting evaluation-----------
Racall rate is 0.9131864973706861, Precision rate is 0.91224920956817, OA is 0.9911027327179909, F1 score is 0.9127176128396373, IoU is 0.8394485403404414, Kappa coefficient is 0.9080300641119096
best round: [np.float64(0.9114915387354868), np.float64(0.9153417565349578), np.float64(0.9911966621875763), np.float64(0.9134125902926223), np.float64(0.8406250451020855), np.float64(0.908775200379967)]
best iteration: 70500
---------starting evaluation-----------
Racall rate is 0.9110229351055638, Precision rate is 0.9153982090201487, OA is 0.9911781251430511, F1 score is 0.9132053314802312, IoU is 0.8402740259335566, Kappa coefficient is 0.9085582545361383
best round: [np.float64(0.9114915387354868), np.float64(0.9153417565349578), np.float64(0.9911966621875763), np.float64(0.9134125902926223), np.float64(0.8406250451020855), np.float64(0.908775200379967)]
best iteration: 70500
---------starting evaluation-----------
Racall rate is 0.9077389070449232, Precision rate is 0.9186528332522955, OA is 0.9912052601575851, F1 score is 0.9131632611024141, IoU is 0.8402027907417497, Kappa coefficient is 0.9085315068126935
best round: [np.float64(0.9114915387354868), np.float64(0.9153417565349578), np.float64(0.9911966621875763), np.float64(0.9134125902926223), np.float64(0.8406250451020855), np.float64(0.908775200379967)]
best iteration: 70500
---------starting evaluation-----------
Racall rate is 0.9120677866449428, Precision rate is 0.9138938809054888, OA is 0.9911428838968277, F1 score is 0.9129799206617842, IoU is 0.8398924159870275, Kappa coefficient is 0.9083139082079228
best round: [np.float64(0.9114915387354868), np.float64(0.9153417565349578), np.float64(0.9911966621875763), np.float64(0.9134125902926223), np.float64(0.8406250451020855), np.float64(0.908775200379967)]
best iteration: 70500
---------starting evaluation-----------
Racall rate is 0.9078379222313957, Precision rate is 0.9185092761092281, OA is 0.9912019893527031, F1 score is 0.913142422788929, IoU is 0.8401675085452287, Kappa coefficient is 0.9085089056759569
best round: [np.float64(0.9114915387354868), np.float64(0.9153417565349578), np.float64(0.9911966621875763), np.float64(0.9134125902926223), np.float64(0.8406250451020855), np.float64(0.908775200379967)]
best iteration: 70500
---------starting evaluation-----------
Racall rate is 0.905159978266386, Precision rate is 0.9210606642151212, OA is 0.9912167340517044, F1 score is 0.9130410985499793, IoU is 0.8399959716342243, Kappa coefficient is 0.9084162502875652
best round: [np.float64(0.9114915387354868), np.float64(0.9153417565349578), np.float64(0.9911966621875763), np.float64(0.9134125902926223), np.float64(0.8406250451020855), np.float64(0.908775200379967)]
best iteration: 70500
---------starting evaluation-----------
Racall rate is 0.9071506661586715, Precision rate is 0.9192841654698544, OA is 0.9912124946713448, F1 score is 0.9131771127596493, IoU is 0.8402262442948539, Kappa coefficient is 0.9085493732966362
best round: [np.float64(0.9114915387354868), np.float64(0.9153417565349578), np.float64(0.9911966621875763), np.float64(0.9134125902926223), np.float64(0.8406250451020855), np.float64(0.908775200379967)]
best iteration: 70500
---------starting evaluation-----------
Racall rate is 0.9068846268319455, Precision rate is 0.9197385437879231, OA is 0.9912249594926834, F1 score is 0.9132663589097197, IoU is 0.8403773697421135, Kappa coefficient is 0.9086453062747814
best round: [np.float64(0.9114915387354868), np.float64(0.9153417565349578), np.float64(0.9911966621875763), np.float64(0.9134125902926223), np.float64(0.8406250451020855), np.float64(0.908775200379967)]
best iteration: 70500
---------starting evaluation-----------
Racall rate is 0.9067557754592981, Precision rate is 0.9186036639582265, OA is 0.9911569207906723, F1 score is 0.9126412690729994, IoU is 0.8393193921337714, Kappa coefficient is 0.9079842154394274
best round: [np.float64(0.9114915387354868), np.float64(0.9153417565349578), np.float64(0.9911966621875763), np.float64(0.9134125902926223), np.float64(0.8406250451020855), np.float64(0.908775200379967)]
best iteration: 70500
---------starting evaluation-----------
Racall rate is 0.9071671930657194, Precision rate is 0.9184346261927601, OA is 0.9911667630076408, F1 score is 0.9127661388900968, IoU is 0.8395306396714862, Kappa coefficient is 0.9081141701273842
best round: [np.float64(0.9114915387354868), np.float64(0.9153417565349578), np.float64(0.9911966621875763), np.float64(0.9134125902926223), np.float64(0.8406250451020855), np.float64(0.908775200379967)]
best iteration: 70500
---------starting evaluation-----------
Racall rate is 0.9072682558335959, Precision rate is 0.9185366721868033, OA is 0.9911770448088646, F1 score is 0.9128676910711082, IoU is 0.8397024755620783, Kappa coefficient is 0.9082211371089995
best round: [np.float64(0.9114915387354868), np.float64(0.9153417565349578), np.float64(0.9911966621875763), np.float64(0.9134125902926223), np.float64(0.8406250451020855), np.float64(0.908775200379967)]
best iteration: 70500
---------starting evaluation-----------
Racall rate is 0.9107532393834732, Precision rate is 0.9150779990245438, OA is 0.9911479204893112, F1 score is 0.912910497277743, IoU is 0.8397749173289409, Kappa coefficient is 0.9082475021762054
best round: [np.float64(0.9114915387354868), np.float64(0.9153417565349578), np.float64(0.9911966621875763), np.float64(0.9134125902926223), np.float64(0.8406250451020855), np.float64(0.908775200379967)]
best iteration: 70500
---------starting evaluation-----------
Racall rate is 0.9066589541100444, Precision rate is 0.9198636036850153, OA is 0.9912212938070297, F1 score is 0.9132135480962721, IoU is 0.8402879392695708, Kappa coefficient is 0.9085906254803142
best round: [np.float64(0.9114915387354868), np.float64(0.9153417565349578), np.float64(0.9911966621875763), np.float64(0.9134125902926223), np.float64(0.8406250451020855), np.float64(0.908775200379967)]
best iteration: 70500
---------starting evaluation-----------
Racall rate is 0.9076334566026091, Precision rate is 0.9185236824460834, OA is 0.9911932870745659, F1 score is 0.913046097779066, IoU is 0.8400044343310894, Kappa coefficient is 0.908408034143883
best round: [np.float64(0.9114915387354868), np.float64(0.9153417565349578), np.float64(0.9911966621875763), np.float64(0.9134125902926223), np.float64(0.8406250451020855), np.float64(0.908775200379967)]
best iteration: 70500
---------starting evaluation-----------
Racall rate is 0.9078794588827372, Precision rate is 0.9180010082891782, OA is 0.991176038980484, F1 score is 0.9129121797882888, IoU is 0.8397777647904274, Kappa coefficient is 0.9082649052070215
best round: [np.float64(0.9114915387354868), np.float64(0.9153417565349578), np.float64(0.9911966621875763), np.float64(0.9134125902926223), np.float64(0.8406250451020855), np.float64(0.908775200379967)]
best iteration: 70500
---------starting evaluation-----------
Racall rate is 0.9055949430589549, Precision rate is 0.9203918356134817, OA is 0.9912005960941315, F1 score is 0.9129334359915864, IoU is 0.8398137393033832, Kappa coefficient is 0.9082998932550334
best round: [np.float64(0.9114915387354868), np.float64(0.9153417565349578), np.float64(0.9911966621875763), np.float64(0.9134125902926223), np.float64(0.8406250451020855), np.float64(0.908775200379967)]
best iteration: 70500
---------starting evaluation-----------
Racall rate is 0.9090729063297323, Precision rate is 0.9170085241346996, OA is 0.9911768063902855, F1 score is 0.9130234722908837, IoU is 0.8399661345173189, Kappa coefficient is 0.9083762481726952
best round: [np.float64(0.9114915387354868), np.float64(0.9153417565349578), np.float64(0.9911966621875763), np.float64(0.9134125902926223), np.float64(0.8406250451020855), np.float64(0.908775200379967)]
best iteration: 70500
---------starting evaluation-----------
Racall rate is 0.9065322965746156, Precision rate is 0.9197346920726948, OA is 0.9912083670496941, F1 score is 0.9130857731394112, IoU is 0.8400715995564265, Kappa coefficient is 0.9084560431404886
best round: [np.float64(0.9114915387354868), np.float64(0.9153417565349578), np.float64(0.9911966621875763), np.float64(0.9134125902926223), np.float64(0.8406250451020855), np.float64(0.908775200379967)]
best iteration: 70500
---------starting evaluation-----------
Racall rate is 0.9091989788419026, Precision rate is 0.9168431207394213, OA is 0.9911735355854034, F1 score is 0.9130050499116442, IoU is 0.8399349507901863, Kappa coefficient is 0.9083560569153976
best round: [np.float64(0.9114915387354868), np.float64(0.9153417565349578), np.float64(0.9911966621875763), np.float64(0.9134125902926223), np.float64(0.8406250451020855), np.float64(0.908775200379967)]
best iteration: 70500
---------starting evaluation-----------
Racall rate is 0.9074689188112035, Precision rate is 0.9180313339847438, OA is 0.9911586567759514, F1 score is 0.9127195691263088, IoU is 0.8394518499637549, Kappa coefficient is 0.9080632133731655
best round: [np.float64(0.9114915387354868), np.float64(0.9153417565349578), np.float64(0.9911966621875763), np.float64(0.9134125902926223), np.float64(0.8406250451020855), np.float64(0.908775200379967)]
best iteration: 70500
---------starting evaluation-----------
Racall rate is 0.9077149210913317, Precision rate is 0.9181504649001875, OA is 0.9911766052246094, F1 score is 0.9129028713628445, IoU is 0.8397620114288312, Kappa coefficient is 0.9082559468960666
best round: [np.float64(0.9114915387354868), np.float64(0.9153417565349578), np.float64(0.9911966621875763), np.float64(0.9134125902926223), np.float64(0.8406250451020855), np.float64(0.908775200379967)]
best iteration: 70500
---------starting evaluation-----------
Racall rate is 0.9063522556668644, Precision rate is 0.9192759402908557, OA is 0.9911749437451363, F1 score is 0.9127683543754718, IoU is 0.8395343881396673, Kappa coefficient is 0.9081209760296025
best round: [np.float64(0.9114915387354868), np.float64(0.9153417565349578), np.float64(0.9911966621875763), np.float64(0.9134125902926223), np.float64(0.8406250451020855), np.float64(0.908775200379967)]
best iteration: 70500
---------starting evaluation-----------
Racall rate is 0.9059306001534223, Precision rate is 0.9196381459097885, OA is 0.9911751225590706, F1 score is 0.9127329104912141, IoU is 0.8394744210491792, Kappa coefficient is 0.9080857625591736
best round: [np.float64(0.9114915387354868), np.float64(0.9153417565349578), np.float64(0.9911966621875763), np.float64(0.9134125902926223), np.float64(0.8406250451020855), np.float64(0.908775200379967)]
best iteration: 70500
---------starting evaluation-----------
Racall rate is 0.905281224336675, Precision rate is 0.9202676483313237, OA is 0.9911792352795601, F1 score is 0.9127129225319013, IoU is 0.8394406053802111, Kappa coefficient is 0.9080681661043016
best round: [np.float64(0.9114915387354868), np.float64(0.9153417565349578), np.float64(0.9911966621875763), np.float64(0.9134125902926223), np.float64(0.8406250451020855), np.float64(0.908775200379967)]
best iteration: 70500
---------starting evaluation-----------
Racall rate is 0.9049733558469784, Precision rate is 0.9207788130006532, OA is 0.9911927208304405, F1 score is 0.9128076708460863, IoU is 0.8396009117875778, Kappa coefficient is 0.9081701619263519
best round: [np.float64(0.9114915387354868), np.float64(0.9153417565349578), np.float64(0.9911966621875763), np.float64(0.9134125902926223), np.float64(0.8406250451020855), np.float64(0.908775200379967)]
best iteration: 70500
---------starting evaluation-----------
Racall rate is 0.9069774992742056, Precision rate is 0.9193753481213788, OA is 0.9912094324827194, F1 score is 0.9131343434786667, IoU is 0.8401538295002181, Kappa coefficient is 0.9085050364301166
best round: [np.float64(0.9114915387354868), np.float64(0.9153417565349578), np.float64(0.9911966621875763), np.float64(0.9134125902926223), np.float64(0.8406250451020855), np.float64(0.908775200379967)]
best iteration: 70500
---------starting evaluation-----------
Racall rate is 0.9069189969483724, Precision rate is 0.9196069879292582, OA is 0.9912193715572357, F1 score is 0.9132189237761015, IoU is 0.8402970421137148, Kappa coefficient is 0.9085949001645786
best round: [np.float64(0.9114915387354868), np.float64(0.9153417565349578), np.float64(0.9911966621875763), np.float64(0.9134125902926223), np.float64(0.8406250451020855), np.float64(0.908775200379967)]
best iteration: 70500
---------starting evaluation-----------
Racall rate is 0.9101051798690571, Precision rate is 0.9159549745439429, OA is 0.9911664798855782, F1 score is 0.9130207072803079, IoU is 0.8399614540916153, Kappa coefficient is 0.908367718810795
best round: [np.float64(0.9114915387354868), np.float64(0.9153417565349578), np.float64(0.9911966621875763), np.float64(0.9134125902926223), np.float64(0.8406250451020855), np.float64(0.908775200379967)]
best iteration: 70500
---------starting evaluation-----------
Racall rate is 0.9065412181793052, Precision rate is 0.9196147909840948, OA is 0.9912022352218628, F1 score is 0.9130312072913742, IoU is 0.8399792279373401, Kappa coefficient is 0.9083982261326282
best round: [np.float64(0.9114915387354868), np.float64(0.9153417565349578), np.float64(0.9911966621875763), np.float64(0.9134125902926223), np.float64(0.8406250451020855), np.float64(0.908775200379967)]
best iteration: 70500
---------starting evaluation-----------
Racall rate is 0.9056796251755984, Precision rate is 0.9203735157938794, OA is 0.9912035390734673, F1 score is 0.912967451060266, IoU is 0.8398713101560326, Kappa coefficient is 0.9083354396883847
best round: [np.float64(0.9114915387354868), np.float64(0.9153417565349578), np.float64(0.9911966621875763), np.float64(0.9134125902926223), np.float64(0.8406250451020855), np.float64(0.908775200379967)]
best iteration: 70500
---------starting evaluation-----------
Racall rate is 0.9068449915061936, Precision rate is 0.9192128195168813, OA is 0.9911943897604942, F1 score is 0.9129870220703947, IoU is 0.8399044359243333, Kappa coefficient is 0.9083497884093086
best round: [np.float64(0.9114915387354868), np.float64(0.9153417565349578), np.float64(0.9911966621875763), np.float64(0.9134125902926223), np.float64(0.8406250451020855), np.float64(0.908775200379967)]
best iteration: 70500
---------starting evaluation-----------
Racall rate is 0.9087593338632669, Precision rate is 0.9170717250342824, OA is 0.9911657571792603, F1 score is 0.9128966076962272, IoU is 0.8397514110977343, Kappa coefficient is 0.9082436241430889
best round: [np.float64(0.9114915387354868), np.float64(0.9153417565349578), np.float64(0.9911966621875763), np.float64(0.9134125902926223), np.float64(0.8406250451020855), np.float64(0.908775200379967)]
best iteration: 70500
---------starting evaluation-----------
Racall rate is 0.9055830963379737, Precision rate is 0.9204788566856592, OA is 0.9912047833204269, F1 score is 0.9129702218161807, IoU is 0.8398759998475364, Kappa coefficient is 0.9083389013900349
best round: [np.float64(0.9114915387354868), np.float64(0.9153417565349578), np.float64(0.9911966621875763), np.float64(0.9134125902926223), np.float64(0.8406250451020855), np.float64(0.908775200379967)]
best iteration: 70500
---------starting evaluation-----------
Racall rate is 0.9063861870158475, Precision rate is 0.9197735705793137, OA is 0.9912036955356598, F1 score is 0.9130308080528305, IoU is 0.8399785521218409, Kappa coefficient is 0.9083986501484196
best round: [np.float64(0.9114915387354868), np.float64(0.9153417565349578), np.float64(0.9911966621875763), np.float64(0.9134125902926223), np.float64(0.8406250451020855), np.float64(0.908775200379967)]
best iteration: 70500
---------starting evaluation-----------
Racall rate is 0.9066101046679738, Precision rate is 0.9192382899680073, OA is 0.9911848679184914, F1 score is 0.9128805269167567, IoU is 0.8397241973117109, Kappa coefficient is 0.9082383236618196
best round: [np.float64(0.9114915387354868), np.float64(0.9153417565349578), np.float64(0.9911966621875763), np.float64(0.9134125902926223), np.float64(0.8406250451020855), np.float64(0.908775200379967)]
best iteration: 70500
---------starting evaluation-----------
Racall rate is 0.9071848900192838, Precision rate is 0.9191768922125412, OA is 0.9912082180380821, F1 score is 0.9131415210091784, IoU is 0.8401659817357783, Kappa coefficient is 0.9085115054510343
best round: [np.float64(0.9114915387354868), np.float64(0.9153417565349578), np.float64(0.9911966621875763), np.float64(0.9134125902926223), np.float64(0.8406250451020855), np.float64(0.908775200379967)]
best iteration: 70500
---------starting evaluation-----------
Racall rate is 0.9063591296901498, Precision rate is 0.9197912990097493, OA is 0.9912034049630165, F1 score is 0.9130258144840363, IoU is 0.8399700992444841, Kappa coefficient is 0.9083935113392438
best round: [np.float64(0.9114915387354868), np.float64(0.9153417565349578), np.float64(0.9911966621875763), np.float64(0.9134125902926223), np.float64(0.8406250451020855), np.float64(0.908775200379967)]
best iteration: 70500
---------starting evaluation-----------
Racall rate is 0.9069201669948891, Precision rate is 0.9191260522436996, OA is 0.991193138062954, F1 score is 0.9129823155711653, IoU is 0.839896469624489, Kappa coefficient is 0.9083443951459632
best round: [np.float64(0.9114915387354868), np.float64(0.9153417565349578), np.float64(0.9911966621875763), np.float64(0.9134125902926223), np.float64(0.8406250451020855), np.float64(0.908775200379967)]
best iteration: 70500
---------starting evaluation-----------
Racall rate is 0.9087237937003233, Precision rate is 0.9174919407034237, OA is 0.9911872297525406, F1 score is 0.913086818100056, IoU is 0.8400733686051758, Kappa coefficient is 0.9084452168391393
best round: [np.float64(0.9114915387354868), np.float64(0.9153417565349578), np.float64(0.9911966621875763), np.float64(0.9134125902926223), np.float64(0.8406250451020855), np.float64(0.908775200379967)]
best iteration: 70500
---------starting evaluation-----------
Racall rate is 0.9087122394909712, Precision rate is 0.9174226989533133, OA is 0.9911828860640526, F1 score is 0.9130466952633159, IoU is 0.8400054457578587, Kappa coefficient is 0.9084027970093931
best round: [np.float64(0.9114915387354868), np.float64(0.9153417565349578), np.float64(0.9911966621875763), np.float64(0.9134125902926223), np.float64(0.8406250451020855), np.float64(0.908775200379967)]
best iteration: 70500
---------starting evaluation-----------
Racall rate is 0.9054454696164514, Precision rate is 0.9204503503261657, OA is 0.9911968261003494, F1 score is 0.9128862562770907, IoU is 0.8397338931166831, Kappa coefficient is 0.9082507654376977
best round: [np.float64(0.9114915387354868), np.float64(0.9153417565349578), np.float64(0.9911966621875763), np.float64(0.9134125902926223), np.float64(0.8406250451020855), np.float64(0.908775200379967)]
best iteration: 70500
---------starting evaluation-----------
Racall rate is 0.906382530620483, Precision rate is 0.919611128093569, OA is 0.9911946579813957, F1 score is 0.9129489113945868, IoU is 0.8398399311349907, Kappa coefficient is 0.9083119669879167
best round: [np.float64(0.9114915387354868), np.float64(0.9153417565349578), np.float64(0.9911966621875763), np.float64(0.9134125902926223), np.float64(0.8406250451020855), np.float64(0.908775200379967)]
best iteration: 70500
---------starting evaluation-----------
Racall rate is 0.9067920469013147, Precision rate is 0.9192163880372192, OA is 0.9911921247839928, F1 score is 0.9129619492492226, IoU is 0.8398619980401544, Kappa coefficient is 0.9083235325091957
best round: [np.float64(0.9114915387354868), np.float64(0.9153417565349578), np.float64(0.9911966621875763), np.float64(0.9134125902926223), np.float64(0.8406250451020855), np.float64(0.908775200379967)]
best iteration: 70500
---------starting evaluation-----------
Racall rate is 0.9070696404373927, Precision rate is 0.9187197583870665, OA is 0.9911778494715691, F1 score is 0.9128575304900285, IoU is 0.8396852814530353, Kappa coefficient is 0.9082114646271308
best round: [np.float64(0.9114915387354868), np.float64(0.9153417565349578), np.float64(0.9911966621875763), np.float64(0.9134125902926223), np.float64(0.8406250451020855), np.float64(0.908775200379967)]
best iteration: 70500
---------starting evaluation-----------
Racall rate is 0.9053353389880706, Precision rate is 0.9205775083401149, OA is 0.9911986216902733, F1 score is 0.9128928051494148, IoU is 0.8397449759081811, Kappa coefficient is 0.9082583020816334
best round: [np.float64(0.9114915387354868), np.float64(0.9153417565349578), np.float64(0.9911966621875763), np.float64(0.9134125902926223), np.float64(0.8406250451020855), np.float64(0.908775200379967)]
best iteration: 70500
---------starting evaluation-----------
Racall rate is 0.9050757349171863, Precision rate is 0.9209334124253192, OA is 0.9912058934569359, F1 score is 0.912935716969106, IoU is 0.8398175997685323, Kappa coefficient is 0.9083051531507172
best round: [np.float64(0.9114915387354868), np.float64(0.9153417565349578), np.float64(0.9911966621875763), np.float64(0.9134125902926223), np.float64(0.8406250451020855), np.float64(0.908775200379967)]
best iteration: 70500
---------starting evaluation-----------
Racall rate is 0.9073728287410227, Precision rate is 0.9188908576312894, OA is 0.9912012964487076, F1 score is 0.9130955217637604, IoU is 0.8400881034600892, Kappa coefficient is 0.9084617811879895
best round: [np.float64(0.9114915387354868), np.float64(0.9153417565349578), np.float64(0.9911966621875763), np.float64(0.9134125902926223), np.float64(0.8406250451020855), np.float64(0.908775200379967)]
best iteration: 70500
---------starting evaluation-----------
Racall rate is 0.9078617619291727, Precision rate is 0.9183078242689833, OA is 0.9911920502781868, F1 score is 0.9130549162959508, IoU is 0.8400193625095371, Kappa coefficient is 0.9084161275647964
best round: [np.float64(0.9114915387354868), np.float64(0.9153417565349578), np.float64(0.9911966621875763), np.float64(0.9134125902926223), np.float64(0.8406250451020855), np.float64(0.908775200379967)]
best iteration: 70500
---------starting evaluation-----------
Racall rate is 0.9092754706329294, Precision rate is 0.9167959938937493, OA is 0.9911744818091393, F1 score is 0.9130202459389497, IoU is 0.8399606731660155, Kappa coefficient is 0.9083717318084925
best round: [np.float64(0.9114915387354868), np.float64(0.9153417565349578), np.float64(0.9911966621875763), np.float64(0.9134125902926223), np.float64(0.8406250451020855), np.float64(0.908775200379967)]
best iteration: 70500
The accuracy of the best round is  [np.float64(0.9114915387354868), np.float64(0.9153417565349578), np.float64(0.9911966621875763), np.float64(0.9134125902926223), np.float64(0.8406250451020855), np.float64(0.908775200379967)]
best iteration: 70500
✅ 训练 [levircd_optimize007] 已在 GPU 1 启动，收工。
